Archive member included to satisfy reference by file (symbol)

/Applications/STM32CubeIDE.app/Contents/Eclipse/plugins/com.st.stm32cube.ide.mcu.externaltools.gnu-tools-for-stm32.13.3.rel1.macos64_1.0.0.202411102158/tools/bin/../lib/gcc/arm-none-eabi/13.3.1/../../../../arm-none-eabi/lib/thumb/v7e-m+dp/hard/libc_nano.a(libc_a-exit.o)
                              /Applications/STM32CubeIDE.app/Contents/Eclipse/plugins/com.st.stm32cube.ide.mcu.externaltools.gnu-tools-for-stm32.13.3.rel1.macos64_1.0.0.202411102158/tools/bin/../lib/gcc/arm-none-eabi/13.3.1/../../../../arm-none-eabi/lib/thumb/v7e-m+dp/hard/crt0.o (exit)
/Applications/STM32CubeIDE.app/Contents/Eclipse/plugins/com.st.stm32cube.ide.mcu.externaltools.gnu-tools-for-stm32.13.3.rel1.macos64_1.0.0.202411102158/tools/bin/../lib/gcc/arm-none-eabi/13.3.1/../../../../arm-none-eabi/lib/thumb/v7e-m+dp/hard/libc_nano.a(libc_a-findfp.o)
                              /Applications/STM32CubeIDE.app/Contents/Eclipse/plugins/com.st.stm32cube.ide.mcu.externaltools.gnu-tools-for-stm32.13.3.rel1.macos64_1.0.0.202411102158/tools/bin/../lib/gcc/arm-none-eabi/13.3.1/../../../../arm-none-eabi/lib/thumb/v7e-m+dp/hard/libc_nano.a(libc_a-exit.o) (__stdio_exit_handler)
/Applications/STM32CubeIDE.app/Contents/Eclipse/plugins/com.st.stm32cube.ide.mcu.externaltools.gnu-tools-for-stm32.13.3.rel1.macos64_1.0.0.202411102158/tools/bin/../lib/gcc/arm-none-eabi/13.3.1/../../../../arm-none-eabi/lib/thumb/v7e-m+dp/hard/libc_nano.a(libc_a-fwalk.o)
                              /Applications/STM32CubeIDE.app/Contents/Eclipse/plugins/com.st.stm32cube.ide.mcu.externaltools.gnu-tools-for-stm32.13.3.rel1.macos64_1.0.0.202411102158/tools/bin/../lib/gcc/arm-none-eabi/13.3.1/../../../../arm-none-eabi/lib/thumb/v7e-m+dp/hard/libc_nano.a(libc_a-findfp.o) (_fwalk_sglue)
/Applications/STM32CubeIDE.app/Contents/Eclipse/plugins/com.st.stm32cube.ide.mcu.externaltools.gnu-tools-for-stm32.13.3.rel1.macos64_1.0.0.202411102158/tools/bin/../lib/gcc/arm-none-eabi/13.3.1/../../../../arm-none-eabi/lib/thumb/v7e-m+dp/hard/libc_nano.a(libc_a-memset.o)
                              /Applications/STM32CubeIDE.app/Contents/Eclipse/plugins/com.st.stm32cube.ide.mcu.externaltools.gnu-tools-for-stm32.13.3.rel1.macos64_1.0.0.202411102158/tools/bin/../lib/gcc/arm-none-eabi/13.3.1/../../../../arm-none-eabi/lib/thumb/v7e-m+dp/hard/crt0.o (memset)
/Applications/STM32CubeIDE.app/Contents/Eclipse/plugins/com.st.stm32cube.ide.mcu.externaltools.gnu-tools-for-stm32.13.3.rel1.macos64_1.0.0.202411102158/tools/bin/../lib/gcc/arm-none-eabi/13.3.1/../../../../arm-none-eabi/lib/thumb/v7e-m+dp/hard/libc_nano.a(libc_a-errno.o)
                              ./Core/Src/syscalls.o (__errno)
/Applications/STM32CubeIDE.app/Contents/Eclipse/plugins/com.st.stm32cube.ide.mcu.externaltools.gnu-tools-for-stm32.13.3.rel1.macos64_1.0.0.202411102158/tools/bin/../lib/gcc/arm-none-eabi/13.3.1/../../../../arm-none-eabi/lib/thumb/v7e-m+dp/hard/libc_nano.a(libc_a-init.o)
                              /Applications/STM32CubeIDE.app/Contents/Eclipse/plugins/com.st.stm32cube.ide.mcu.externaltools.gnu-tools-for-stm32.13.3.rel1.macos64_1.0.0.202411102158/tools/bin/../lib/gcc/arm-none-eabi/13.3.1/../../../../arm-none-eabi/lib/thumb/v7e-m+dp/hard/crt0.o (__libc_init_array)
/Applications/STM32CubeIDE.app/Contents/Eclipse/plugins/com.st.stm32cube.ide.mcu.externaltools.gnu-tools-for-stm32.13.3.rel1.macos64_1.0.0.202411102158/tools/bin/../lib/gcc/arm-none-eabi/13.3.1/../../../../arm-none-eabi/lib/thumb/v7e-m+dp/hard/libc_nano.a(libc_a-lock.o)
                              /Applications/STM32CubeIDE.app/Contents/Eclipse/plugins/com.st.stm32cube.ide.mcu.externaltools.gnu-tools-for-stm32.13.3.rel1.macos64_1.0.0.202411102158/tools/bin/../lib/gcc/arm-none-eabi/13.3.1/../../../../arm-none-eabi/lib/thumb/v7e-m+dp/hard/libc_nano.a(libc_a-findfp.o) (__retarget_lock_init_recursive)
/Applications/STM32CubeIDE.app/Contents/Eclipse/plugins/com.st.stm32cube.ide.mcu.externaltools.gnu-tools-for-stm32.13.3.rel1.macos64_1.0.0.202411102158/tools/bin/../lib/gcc/arm-none-eabi/13.3.1/../../../../arm-none-eabi/lib/thumb/v7e-m+dp/hard/libc_nano.a(libc_a-impure.o)
                              /Applications/STM32CubeIDE.app/Contents/Eclipse/plugins/com.st.stm32cube.ide.mcu.externaltools.gnu-tools-for-stm32.13.3.rel1.macos64_1.0.0.202411102158/tools/bin/../lib/gcc/arm-none-eabi/13.3.1/../../../../arm-none-eabi/lib/thumb/v7e-m+dp/hard/libc_nano.a(libc_a-errno.o) (_impure_ptr)
/Applications/STM32CubeIDE.app/Contents/Eclipse/plugins/com.st.stm32cube.ide.mcu.externaltools.gnu-tools-for-stm32.13.3.rel1.macos64_1.0.0.202411102158/tools/bin/../lib/gcc/arm-none-eabi/13.3.1/../../../../arm-none-eabi/lib/thumb/v7e-m+dp/hard/libc_nano.a(libc_a-mallocr.o)
[...]
Memory Configuration

Name             Origin             Length             Attributes
ITCMRAM          0x00000000         0x00010000         xrw
DTCMRAM          0x20000000         0x00020000         xrw
FLASH            0x08000000         0x00100000         xr
RAM_D1           0x24000000         0x00050000         xrw
RAM_D2           0x30000000         0x00008000         xrw
RAM_D3           0x38000000         0x00004000         xrw
*default*        0x00000000         0xffffffff

Linker script and memory map

LOAD /Applications/STM32CubeIDE.app/Contents/Eclipse/plugins/com.st.stm32cube.ide.mcu.externaltools.gnu-tools-for-stm32.13.3.rel1.macos64_1.0.0.202411102158/tools/bin/../lib/gcc/arm-none-eabi/13.3.1/thumb/v7e-m+dp/hard/crti.o
LOAD /Applications/STM32CubeIDE.app/Contents/Eclipse/plugins/com.st.stm32cube.ide.mcu.externaltools.gnu-tools-for-stm32.13.3.rel1.macos64_1.0.0.202411102158/tools/bin/../lib/gcc/arm-none-eabi/13.3.1/thumb/v7e-m+dp/hard/crtbegin.o
LOAD /Applications/STM32CubeIDE.app/Contents/Eclipse/plugins/com.st.stm32cube.ide.mcu.externaltools.gnu-tools-for-stm32.13.3.rel1.macos64_1.0.0.202411102158/tools/bin/../lib/gcc/arm-none-eabi/13.3.1/../../../../arm-none-eabi/lib/thumb/v7e-m+dp/hard/crt0.o
LOAD ./Core/Src/functions.o
LOAD ./Core/Src/main.o
LOAD ./Core/Src/stm32h7xx_hal_msp.o
LOAD ./Core/Src/stm32h7xx_it.o
LOAD ./Core/Src/syscalls.o
LOAD ./Core/Src/sysmem.o
LOAD ./Core/Src/system_stm32h7xx.o
LOAD ./Core/Startup/startup_stm32h723zgtx.o
LOAD ./Drivers/STM32H7xx_HAL_Driver/Src/stm32h7xx_hal.o
LOAD ./Drivers/STM32H7xx_HAL_Driver/Src/stm32h7xx_hal_cortex.o
LOAD ./Drivers/STM32H7xx_HAL_Driver/Src/stm32h7xx_hal_dma.o
LOAD ./Drivers/STM32H7xx_HAL_Driver/Src/stm32h7xx_hal_dma_ex.o
LOAD ./Drivers/STM32H7xx_HAL_Driver/Src/stm32h7xx_hal_exti.o
LOAD ./Drivers/STM32H7xx_HAL_Driver/Src/stm32h7xx_hal_flash.o
LOAD ./Drivers/STM32H7xx_HAL_Driver/Src/stm32h7xx_hal_flash_ex.o
LOAD ./Drivers/STM32H7xx_HAL_Driver/Src/stm32h7xx_hal_gpio.o
LOAD ./Drivers/STM32H7xx_HAL_Driver/Src/stm32h7xx_hal_hsem.o
LOAD ./Drivers/STM32H7xx_HAL_Driver/Src/stm32h7xx_hal_i2c.o
LOAD ./Drivers/STM32H7xx_HAL_Driver/Src/stm32h7xx_hal_i2c_ex.o
LOAD ./Drivers/STM32H7xx_HAL_Driver/Src/stm32h7xx_hal_mdma.o
LOAD ./Drivers/STM32H7xx_HAL_Driver/Src/stm32h7xx_hal_pcd.o
LOAD ./Drivers/STM32H7xx_HAL_Driver/Src/stm32h7xx_hal_pcd_ex.o
LOAD ./Drivers/STM32H7xx_HAL_Driver/Src/stm32h7xx_hal_pwr.o
LOAD ./Drivers/STM32H7xx_HAL_Driver/Src/stm32h7xx_hal_pwr_ex.o
LOAD ./Drivers/STM32H7xx_HAL_Driver/Src/stm32h7xx_hal_rcc.o
LOAD ./Drivers/STM32H7xx_HAL_Driver/Src/stm32h7xx_hal_rcc_ex.o
LOAD ./Drivers/STM32H7xx_HAL_Driver/Src/stm32h7xx_hal_spi.o
LOAD ./Drivers/STM32H7xx_HAL_Driver/Src/stm32h7xx_hal_spi_ex.o
LOAD ./Drivers/STM32H7xx_HAL_Driver/Src/stm32h7xx_ll_usb.o
LOAD ./Middlewares/ST/STM32_USB_Device_Library/Class/CDC/Src/usbd_cdc.o
LOAD ./Middlewares/ST/STM32_USB_Device_Library/Core/Src/usbd_core.o
LOAD ./Middlewares/ST/STM32_USB_Device_Library/Core/Src/usbd_ctlreq.o
LOAD ./Middlewares/ST/STM32_USB_Device_Library/Core/Src/usbd_ioreq.o
LOAD ./USB_DEVICE/App/usb_device.o
LOAD ./USB_DEVICE/App/usbd_cdc_if.o
LOAD ./USB_DEVICE/App/usbd_desc.o
LOAD ./USB_DEVICE/Target/usbd_conf.o
START GROUP
LOAD /Applications/STM32CubeIDE.app/Contents/Eclipse/plugins/com.st.stm32cube.ide.mcu.externaltools.gnu-tools-for-stm32.13.3.rel1.macos64_1.0.0.202411102158/tools/bin/../lib/gcc/arm-none-eabi/13.3.1/../../../../arm-none-eabi/lib/thumb/v7e-m+dp/hard/libc_nano.a
LOAD /Applications/STM32CubeIDE.app/Contents/Eclipse/plugins/com.st.stm32cube.ide.mcu.externaltools.gnu-tools-for-stm32.13.3.rel1.macos64_1.0.0.202411102158/tools/bin/../lib/gcc/arm-none-eabi/13.3.1/../../../../arm-none-eabi/lib/thumb/v7e-m+dp/hard/libm.a
END GROUP
START GROUP
LOAD /Applications/STM32CubeIDE.app/Contents/Eclipse/plugins/com.st.stm32cube.ide.mcu.externaltools.gnu-tools-for-stm32.13.3.rel1.macos64_1.0.0.202411102158/tools/bin/../lib/gcc/arm-none-eabi/13.3.1/thumb/v7e-m+dp/hard/libgcc.a
LOAD /Applications/STM32CubeIDE.app/Contents/Eclipse/plugins/com.st.stm32cube.ide.mcu.externaltools.gnu-tools-for-stm32.13.3.rel1.macos64_1.0.0.202411102158/tools/bin/../lib/gcc/arm-none-eabi/13.3.1/../../../../arm-none-eabi/lib/thumb/v7e-m+dp/hard/libc_nano.a
END GROUP
START GROUP
LOAD /Applications/STM32CubeIDE.app/Contents/Eclipse/plugins/com.st.stm32cube.ide.mcu.externaltools.gnu-tools-for-stm32.13.3.rel1.macos64_1.0.0.202411102158/tools/bin/../lib/gcc/arm-none-eabi/13.3.1/thumb/v7e-m+dp/hard/libgcc.a
LOAD /Applications/STM32CubeIDE.app/Contents/Eclipse/plugins/com.st.stm32cube.ide.mcu.externaltools.gnu-tools-for-stm32.13.3.rel1.macos64_1.0.0.202411102158/tools/bin/../lib/gcc/arm-none-eabi/13.3.1/../../../../arm-none-eabi/lib/thumb/v7e-m+dp/hard/libc_nano.a
LOAD /Applications/STM32CubeIDE.app/Contents/Eclipse/plugins/com.st.stm32cube.ide.mcu.externaltools.gnu-tools-for-stm32.13.3.rel1.macos64_1.0.0.202411102158/tools/bin/../lib/gcc/arm-none-eabi/13.3.1/../../../../arm-none-eabi/lib/thumb/v7e-m+dp/hard/libnosys.a
END GROUP
START GROUP
LOAD /Applications/STM32CubeIDE.app/Contents/Eclipse/plugins/com.st.stm32cube.ide.mcu.externaltools.gnu-tools-for-stm32.13.3.rel1.macos64_1.0.0.202411102158/tools/bin/../lib/gcc/arm-none-eabi/13.3.1/thumb/v7e-m+dp/hard/libgcc.a
LOAD /Applications/STM32CubeIDE.app/Contents/Eclipse/plugins/com.st.stm32cube.ide.mcu.externaltools.gnu-tools-for-stm32.13.3.rel1.macos64_1.0.0.202411102158/tools/bin/../lib/gcc/arm-none-eabi/13.3.1/../../../../arm-none-eabi/lib/thumb/v7e-m+dp/hard/libc_nano.a
LOAD /Applications/STM32CubeIDE.app/Contents/Eclipse/plugins/com.st.stm32cube.ide.mcu.externaltools.gnu-tools-for-stm32.13.3.rel1.macos64_1.0.0.202411102158/tools/bin/../lib/gcc/arm-none-eabi/13.3.1/../../../../arm-none-eabi/lib/thumb/v7e-m+dp/hard/libnosys.a
END GROUP
LOAD /Applications/STM32CubeIDE.app/Contents/Eclipse/plugins/com.st.stm32cube.ide.mcu.externaltools.gnu-tools-for-stm32.13.3.rel1.macos64_1.0.0.202411102158/tools/bin/../lib/gcc/arm-none-eabi/13.3.1/thumb/v7e-m+dp/hard/crtend.o
LOAD /Applications/STM32CubeIDE.app/Contents/Eclipse/plugins/com.st.stm32cube.ide.mcu.externaltools.gnu-tools-for-stm32.13.3.rel1.macos64_1.0.0.202411102158/tools/bin/../lib/gcc/arm-none-eabi/13.3.1/thumb/v7e-m+dp/hard/crtn.o
                0x24050000                        _estack = (ORIGIN (RAM_D1) + LENGTH (RAM_D1))
                0x00000200                        _Min_Heap_Size = 0x200
                0x00000400                        _Min_Stack_Size = 0x400

.isr_vector     0x08000000      0x2cc
                0x08000000                        . = ALIGN (0x4)
 *(.isr_vector)
 .isr_vector    0x08000000      0x2cc ./Core/Startup/startup_stm32h723zgtx.o
                0x08000000                g_pfnVectors
                0x080002cc                        . = ALIGN (0x4)

.text           0x080002cc     0x9908
                0x080002cc                        . = ALIGN (0x4)
 *(.text)
 .text          0x080002cc       0x40 /Applications/STM32CubeIDE.app/Contents/Eclipse/plugins/com.st.stm32cube.ide.mcu.externaltools.gnu-tools-for-stm32.13.3.rel1.macos64_1.0.0.202411102158/tools/bin/../lib/gcc/arm-none-eabi/13.3.1/thumb/v7e-m+dp/hard/crtbegin.o
 *(.text*)
 .text.write_to_dac
                0x0800030c       0x64 ./Core/Src/functions.o
                0x0800030c                write_to_dac
 .text.read_dac
                0x08000370       0x84 ./Core/Src/functions.o
                0x08000370                read_dac
 .text.volts_to_dac_value
                0x080003f4       0x38 ./Core/Src/functions.o
                0x080003f4                volts_to_dac_value
 .text.main     0x0800042c       0x50 ./Core/Src/main.o
                0x0800042c                main
 .text.SystemClock_Config
                0x0800047c       0xbc ./Core/Src/main.o
                0x0800047c                SystemClock_Config
 .text.MX_SPI5_Init
                0x08000538       0xb0 ./Core/Src/main.o
 .text.MX_GPIO_Init
                0x080005e8       0xbc ./Core/Src/main.o
 .text.MPU_Config
                0x080006a4       0x58 ./Core/Src/main.o
 .text.Error_Handler
                0x080006fc        0xc ./Core/Src/main.o
                0x080006fc                Error_Handler
 .text.HAL_MspInit
                0x08000708       0x34 ./Core/Src/stm32h7xx_hal_msp.o
                0x08000708                HAL_MspInit
 .text.HAL_SPI_MspInit
                0x0800073c       0xd0 ./Core/Src/stm32h7xx_hal_msp.o
                0x0800073c                HAL_SPI_MspInit
 .text.NMI_Handler
                0x0800080c        0x8 ./Core/Src/stm32h7xx_it.o
                0x0800080c                NMI_Handler
 .text.HardFault_Handler
                0x08000814        0x8 ./Core/Src/stm32h7xx_it.o
                0x08000814                HardFault_Handler
 .text.MemManage_Handler
                0x0800081c        0x8 ./Core/Src/stm32h7xx_it.o
                0x0800081c                MemManage_Handler
 .text.BusFault_Handler
                0x08000824        0x8 ./Core/Src/stm32h7xx_it.o
                0x08000824                BusFault_Handler
 .text.UsageFault_Handler
                0x0800082c        0x8 ./Core/Src/stm32h7xx_it.o
                0x0800082c                UsageFault_Handler
 .text.SVC_Handler
                0x08000834        0xe ./Core/Src/stm32h7xx_it.o
                0x08000834                SVC_Handler
 .text.DebugMon_Handler
                0x08000842        0xe ./Core/Src/stm32h7xx_it.o
                0x08000842                DebugMon_Handler
 .text.PendSV_Handler
                0x08000850        0xe ./Core/Src/stm32h7xx_it.o
                0x08000850                PendSV_Handler
 .text.SysTick_Handler
                0x0800085e        0xc ./Core/Src/stm32h7xx_it.o
                0x0800085e                SysTick_Handler
 *fill*         0x0800086a        0x2 
 .text.OTG_HS_IRQHandler
                0x0800086c       0x14 ./Core/Src/stm32h7xx_it.o
                0x0800086c                OTG_HS_IRQHandler
 .text.SystemInit
                0x08000880      0x120 ./Core/Src/system_stm32h7xx.o
                0x08000880                SystemInit
 .text.ExitRun0Mode
                0x080009a0       0x30 ./Core/Src/system_stm32h7xx.o
                0x080009a0                ExitRun0Mode
 .text.Reset_Handler
                0x080009d0       0x54 ./Core/Startup/startup_stm32h723zgtx.o
                0x080009d0                Reset_Handler
 .text.Default_Handler
                0x08000a24        0x2 ./Core/Startup/startup_stm32h723zgtx.o
                0x08000a24                DMA1_Stream3_IRQHandler
                0x08000a24                EXTI2_IRQHandler
                0x08000a24                TIM8_CC_IRQHandler
                0x08000a24                UART8_IRQHandler
                0x08000a24                SPI4_IRQHandler
                0x08000a24                FDCAN3_IT0_IRQHandler
                0x08000a24                TIM1_CC_IRQHandler
                0x08000a24                BDMA_Channel6_IRQHandler
                0x08000a24                DMA2_Stream5_IRQHandler
                0x08000a24                DMA1_Stream5_IRQHandler
                0x08000a24                CORDIC_IRQHandler
                0x08000a24                BDMA_Channel1_IRQHandler
                0x08000a24                TAMP_STAMP_IRQHandler
                0x08000a24                EXTI3_IRQHandler
                0x08000a24                LPTIM4_IRQHandler
                0x08000a24                TIM8_TRG_COM_TIM14_IRQHandler
                0x08000a24                LPTIM2_IRQHandler
                0x08000a24                DFSDM1_FLT1_IRQHandler
                0x08000a24                DMAMUX2_OVR_IRQHandler
                0x08000a24                TIM8_UP_TIM13_IRQHandler
                0x08000a24                I2C3_ER_IRQHandler
                0x08000a24                DFSDM1_FLT2_IRQHandler
                0x08000a24                I2C5_EV_IRQHandler
                0x08000a24                USART10_IRQHandler
                0x08000a24                MDMA_IRQHandler
                0x08000a24                LPTIM3_IRQHandler
                0x08000a24                HSEM1_IRQHandler
                0x08000a24                EXTI0_IRQHandler
                0x08000a24                I2C2_EV_IRQHandler
                0x08000a24                DMA1_Stream2_IRQHandler
                0x08000a24                FPU_IRQHandler
                0x08000a24                OTG_HS_WKUP_IRQHandler
                0x08000a24                FDCAN1_IT1_IRQHandler
                0x08000a24                LTDC_ER_IRQHandler
                0x08000a24                DMA2_Stream2_IRQHandler
                0x08000a24                SPI1_IRQHandler
                0x08000a24                OCTOSPI1_IRQHandler
                0x08000a24                TIM6_DAC_IRQHandler
                0x08000a24                DMA2_Stream3_IRQHandler
                0x08000a24                OCTOSPI2_IRQHandler
                0x08000a24                DFSDM1_FLT3_IRQHandler
                0x08000a24                TIM23_IRQHandler
                0x08000a24                USART6_IRQHandler
                0x08000a24                TIM17_IRQHandler
                0x08000a24                USART3_IRQHandler
                0x08000a24                BDMA_Channel7_IRQHandler
                0x08000a24                LPTIM5_IRQHandler
                0x08000a24                UART5_IRQHandler
                0x08000a24                ADC3_IRQHandler
                0x08000a24                DMA2_Stream0_IRQHandler
                0x08000a24                TIM4_IRQHandler
                0x08000a24                BDMA_Channel2_IRQHandler
                0x08000a24                I2C1_EV_IRQHandler
                0x08000a24                DMA1_Stream6_IRQHandler
                0x08000a24                DMAMUX1_OVR_IRQHandler
                0x08000a24                DMA1_Stream1_IRQHandler
                0x08000a24                TIM16_IRQHandler
                0x08000a24                UART4_IRQHandler
                0x08000a24                BDMA_Channel5_IRQHandler
                0x08000a24                TIM3_IRQHandler
                0x08000a24                RCC_IRQHandler
                0x08000a24                UART9_IRQHandler
                0x08000a24                TIM8_BRK_TIM12_IRQHandler
                0x08000a24                TIM1_TRG_COM_IRQHandler
                0x08000a24                Default_Handler
                0x08000a24                ECC_IRQHandler
                0x08000a24                FMAC_IRQHandler
                0x08000a24                CEC_IRQHandler
                0x08000a24                EXTI15_10_IRQHandler
                0x08000a24                BDMA_Channel0_IRQHandler
                0x08000a24                ADC_IRQHandler
                0x08000a24                I2C5_ER_IRQHandler
                0x08000a24                DMA1_Stream7_IRQHandler
                0x08000a24                SPI5_IRQHandler
                0x08000a24                TIM7_IRQHandler
                0x08000a24                FDCAN3_IT1_IRQHandler
                0x08000a24                SDMMC1_IRQHandler
                0x08000a24                TIM5_IRQHandler
                0x08000a24                DMA2_Stream7_IRQHandler
                0x08000a24                TIM15_IRQHandler
                0x08000a24                PVD_AVD_IRQHandler
                0x08000a24                I2C3_EV_IRQHandler
                0x08000a24                EXTI9_5_IRQHandler
                0x08000a24                RTC_WKUP_IRQHandler
                0x08000a24                LTDC_IRQHandler
                0x08000a24                ETH_WKUP_IRQHandler
                0x08000a24                SPDIF_RX_IRQHandler
                0x08000a24                SPI2_IRQHandler
                0x08000a24                OTG_HS_EP1_IN_IRQHandler
                0x08000a24                DMA1_Stream0_IRQHandler
                0x08000a24                TIM24_IRQHandler
                0x08000a24                CRS_IRQHandler
                0x08000a24                EXTI4_IRQHandler
                0x08000a24                RNG_IRQHandler
                0x08000a24                FDCAN2_IT1_IRQHandler
                0x08000a24                ETH_IRQHandler
                0x08000a24                TIM1_UP_IRQHandler
                0x08000a24                BDMA_Channel4_IRQHandler
                0x08000a24                OTG_HS_EP1_OUT_IRQHandler
                0x08000a24                WWDG_IRQHandler
                0x08000a24                SPI6_IRQHandler
                0x08000a24                MDIOS_IRQHandler
                0x08000a24                I2C4_EV_IRQHandler
                0x08000a24                FDCAN2_IT0_IRQHandler
                0x08000a24                LPUART1_IRQHandler
                0x08000a24                FDCAN1_IT0_IRQHandler
                0x08000a24                TIM2_IRQHandler
                0x08000a24                DMA2D_IRQHandler
                0x08000a24                TIM1_BRK_IRQHandler
                0x08000a24                EXTI1_IRQHandler
                0x08000a24                SDMMC2_IRQHandler
                0x08000a24                BDMA_Channel3_IRQHandler
                0x08000a24                DTS_IRQHandler
                0x08000a24                UART7_IRQHandler
                0x08000a24                MDIOS_WKUP_IRQHandler
                0x08000a24                USART2_IRQHandler
                0x08000a24                DFSDM1_FLT0_IRQHandler
                0x08000a24                SAI4_IRQHandler
                0x08000a24                I2C2_ER_IRQHandler
                0x08000a24                DMA2_Stream1_IRQHandler
                0x08000a24                FLASH_IRQHandler
                0x08000a24                DMA2_Stream4_IRQHandler
                0x08000a24                USART1_IRQHandler
                0x08000a24                SPI3_IRQHandler
                0x08000a24                WAKEUP_PIN_IRQHandler
                0x08000a24                DMA1_Stream4_IRQHandler
                0x08000a24                I2C1_ER_IRQHandler
                0x08000a24                FMC_IRQHandler
                0x08000a24                FDCAN_CAL_IRQHandler
                0x08000a24                SWPMI1_IRQHandler
                0x08000a24                COMP1_IRQHandler
                0x08000a24                LPTIM1_IRQHandler
                0x08000a24                DCMI_PSSI_IRQHandler
                0x08000a24                I2C4_ER_IRQHandler
                0x08000a24                DMA2_Stream6_IRQHandler
                0x08000a24                SAI1_IRQHandler
                0x08000a24                RTC_Alarm_IRQHandler
 *fill*         0x08000a26        0x2 
 .text.HAL_Init
                0x08000a28       0x78 ./Drivers/STM32H7xx_HAL_Driver/Src/stm32h7xx_hal.o
                0x08000a28                HAL_Init
 .text.HAL_InitTick
                0x08000aa0       0x6c ./Drivers/STM32H7xx_HAL_Driver/Src/stm32h7xx_hal.o
                0x08000aa0                HAL_InitTick
 .text.HAL_IncTick
                0x08000b0c       0x28 ./Drivers/STM32H7xx_HAL_Driver/Src/stm32h7xx_hal.o
                0x08000b0c                HAL_IncTick
 .text.HAL_GetTick
                0x08000b34       0x18 ./Drivers/STM32H7xx_HAL_Driver/Src/stm32h7xx_hal.o
                0x08000b34                HAL_GetTick
 .text.HAL_Delay
                0x08000b4c       0x48 ./Drivers/STM32H7xx_HAL_Driver/Src/stm32h7xx_hal.o
                0x08000b4c                HAL_Delay
 .text.HAL_SYSCFG_AnalogSwitchConfig
                0x08000b94       0x2c ./Drivers/STM32H7xx_HAL_Driver/Src/stm32h7xx_hal.o
                0x08000b94                HAL_SYSCFG_AnalogSwitchConfig
 .text.__NVIC_SetPriorityGrouping
                0x08000bc0       0x48 ./Drivers/STM32H7xx_HAL_Driver/Src/stm32h7xx_hal_cortex.o
 .text.__NVIC_GetPriorityGrouping
                0x08000c08       0x1c ./Drivers/STM32H7xx_HAL_Driver/Src/stm32h7xx_hal_cortex.o
 .text.__NVIC_EnableIRQ
                0x08000c24       0x3c ./Drivers/STM32H7xx_HAL_Driver/Src/stm32h7xx_hal_cortex.o
 .text.__NVIC_SetPriority
                0x08000c60       0x54 ./Drivers/STM32H7xx_HAL_Driver/Src/stm32h7xx_hal_cortex.o
 .text.NVIC_EncodePriority
                0x08000cb4       0x66 ./Drivers/STM32H7xx_HAL_Driver/Src/stm32h7xx_hal_cortex.o
 *fill*         0x08000d1a        0x2 
 .text.SysTick_Config
                0x08000d1c       0x44 ./Drivers/STM32H7xx_HAL_Driver/Src/stm32h7xx_hal_cortex.o
 .text.HAL_NVIC_SetPriorityGrouping
                0x08000d60       0x16 ./Drivers/STM32H7xx_HAL_Driver/Src/stm32h7xx_hal_cortex.o
                0x08000d60                HAL_NVIC_SetPriorityGrouping
 .text.HAL_NVIC_SetPriority
                0x08000d76       0x34 ./Drivers/STM32H7xx_HAL_Driver/Src/stm32h7xx_hal_cortex.o
                0x08000d76                HAL_NVIC_SetPriority
 .text.HAL_NVIC_EnableIRQ
                0x08000daa       0x1c ./Drivers/STM32H7xx_HAL_Driver/Src/stm32h7xx_hal_cortex.o
                0x08000daa                HAL_NVIC_EnableIRQ
 .text.HAL_SYSTICK_Config
                0x08000dc6       0x18 ./Drivers/STM32H7xx_HAL_Driver/Src/stm32h7xx_hal_cortex.o
                0x08000dc6                HAL_SYSTICK_Config
 *fill*         0x08000dde        0x2 
 .text.HAL_MPU_Disable
                0x08000de0       0x30 ./Drivers/STM32H7xx_HAL_Driver/Src/stm32h7xx_hal_cortex.o
                0x08000de0                HAL_MPU_Disable
 .text.HAL_MPU_Enable
                0x08000e10       0x40 ./Drivers/STM32H7xx_HAL_Driver/Src/stm32h7xx_hal_cortex.o
                0x08000e10                HAL_MPU_Enable
 .text.HAL_MPU_ConfigRegion
                0x08000e50       0x80 ./Drivers/STM32H7xx_HAL_Driver/Src/stm32h7xx_hal_cortex.o
                0x08000e50                HAL_MPU_ConfigRegion
 .text.HAL_GPIO_Init
                0x08000ed0      0x350 ./Drivers/STM32H7xx_HAL_Driver/Src/stm32h7xx_hal_gpio.o
                0x08000ed0                HAL_GPIO_Init
 .text.HAL_GPIO_WritePin
                0x08001220       0x32 ./Drivers/STM32H7xx_HAL_Driver/Src/stm32h7xx_hal_gpio.o
                0x08001220                HAL_GPIO_WritePin
 .text.HAL_PCD_Init
                0x08001252      0x218 ./Drivers/STM32H7xx_HAL_Driver/Src/stm32h7xx_hal_pcd.o
                0x08001252                HAL_PCD_Init
 .text.HAL_PCD_Start
                0x0800146a       0x6a ./Drivers/STM32H7xx_HAL_Driver/Src/stm32h7xx_hal_pcd.o
                0x0800146a                HAL_PCD_Start
 .text.HAL_PCD_IRQHandler
                0x080014d4      0x99c ./Drivers/STM32H7xx_HAL_Driver/Src/stm32h7xx_hal_pcd.o
                0x080014d4                HAL_PCD_IRQHandler
 .text.HAL_PCD_SetAddress
                0x08001e70       0x48 ./Drivers/STM32H7xx_HAL_Driver/Src/stm32h7xx_hal_pcd.o
                0x08001e70                HAL_PCD_SetAddress
 .text.HAL_PCD_EP_Open
                0x08001eb8       0xd4 ./Drivers/STM32H7xx_HAL_Driver/Src/stm32h7xx_hal_pcd.o
                0x08001eb8                HAL_PCD_EP_Open
 .text.HAL_PCD_EP_Close
                0x08001f8c       0x94 ./Drivers/STM32H7xx_HAL_Driver/Src/stm32h7xx_hal_pcd.o
                0x08001f8c                HAL_PCD_EP_Close
 .text.HAL_PCD_EP_Receive
                0x08002020       0x76 ./Drivers/STM32H7xx_HAL_Driver/Src/stm32h7xx_hal_pcd.o
                0x08002020                HAL_PCD_EP_Receive
 .text.HAL_PCD_EP_GetRxCount
                0x08002096       0x30 ./Drivers/STM32H7xx_HAL_Driver/Src/stm32h7xx_hal_pcd.o
                0x08002096                HAL_PCD_EP_GetRxCount
 .text.HAL_PCD_EP_Transmit
                0x080020c6       0x74 ./Drivers/STM32H7xx_HAL_Driver/Src/stm32h7xx_hal_pcd.o
                0x080020c6                HAL_PCD_EP_Transmit
 .text.HAL_PCD_EP_SetStall
                0x0800213a       0xc6 ./Drivers/STM32H7xx_HAL_Driver/Src/stm32h7xx_hal_pcd.o
                0x0800213a                HAL_PCD_EP_SetStall
 .text.HAL_PCD_EP_ClrStall
                0x08002200       0xac ./Drivers/STM32H7xx_HAL_Driver/Src/stm32h7xx_hal_pcd.o
                0x08002200                HAL_PCD_EP_ClrStall
 .text.HAL_PCD_EP_Abort
                0x080022ac       0x62 ./Drivers/STM32H7xx_HAL_Driver/Src/stm32h7xx_hal_pcd.o
                0x080022ac                HAL_PCD_EP_Abort
 .text.PCD_WriteEmptyTxFifo
                0x0800230e      0x118 ./Drivers/STM32H7xx_HAL_Driver/Src/stm32h7xx_hal_pcd.o
 *fill*         0x08002426        0x2 
 .text.PCD_EP_OutXfrComplete_int
                0x08002428      0x1d0 ./Drivers/STM32H7xx_HAL_Driver/Src/stm32h7xx_hal_pcd.o
 .text.PCD_EP_OutSetupPacket_int
                0x080025f8       0x8c ./Drivers/STM32H7xx_HAL_Driver/Src/stm32h7xx_hal_pcd.o
 .text.HAL_PCDEx_SetTxFiFo
                0x08002684       0x8e ./Drivers/STM32H7xx_HAL_Driver/Src/stm32h7xx_hal_pcd_ex.o
                0x08002684                HAL_PCDEx_SetTxFiFo
 .text.HAL_PCDEx_SetRxFiFo
                0x08002712       0x22 ./Drivers/STM32H7xx_HAL_Driver/Src/stm32h7xx_hal_pcd_ex.o
                0x08002712                HAL_PCDEx_SetRxFiFo
 .text.HAL_PCDEx_ActivateLPM
                0x08002734       0x48 ./Drivers/STM32H7xx_HAL_Driver/Src/stm32h7xx_hal_pcd_ex.o
                0x08002734                HAL_PCDEx_ActivateLPM
 .text.HAL_PCDEx_LPM_Callback
                0x0800277c       0x18 ./Drivers/STM32H7xx_HAL_Driver/Src/stm32h7xx_hal_pcd_ex.o
                0x0800277c                HAL_PCDEx_LPM_Callback
 .text.HAL_PWREx_ConfigSupply
                0x08002794       0x74 ./Drivers/STM32H7xx_HAL_Driver/Src/stm32h7xx_hal_pwr_ex.o
                0x08002794                HAL_PWREx_ConfigSupply
 .text.HAL_PWREx_EnableUSBVoltageDetector
                0x08002808       0x20 ./Drivers/STM32H7xx_HAL_Driver/Src/stm32h7xx_hal_pwr_ex.o
                0x08002808                HAL_PWREx_EnableUSBVoltageDetector
 .text.HAL_RCC_OscConfig
                0x08002828      0x7b4 ./Drivers/STM32H7xx_HAL_Driver/Src/stm32h7xx_hal_rcc.o
                0x08002828                HAL_RCC_OscConfig
 .text.HAL_RCC_ClockConfig
                0x08002fdc      0x36c ./Drivers/STM32H7xx_HAL_Driver/Src/stm32h7xx_hal_rcc.o
                0x08002fdc                HAL_RCC_ClockConfig
 .text.HAL_RCC_GetSysClockFreq
                0x08003348      0x2f4 ./Drivers/STM32H7xx_HAL_Driver/Src/stm32h7xx_hal_rcc.o
                0x08003348                HAL_RCC_GetSysClockFreq
 .text.HAL_RCC_GetHCLKFreq
                0x0800363c       0x60 ./Drivers/STM32H7xx_HAL_Driver/Src/stm32h7xx_hal_rcc.o
                0x0800363c                HAL_RCC_GetHCLKFreq
 .text.HAL_RCCEx_PeriphCLKConfig
                0x0800369c     0x1340 ./Drivers/STM32H7xx_HAL_Driver/Src/stm32h7xx_hal_rcc_ex.o
                0x0800369c                HAL_RCCEx_PeriphCLKConfig
 .text.RCCEx_PLL2_Config
                0x080049dc      0x164 ./Drivers/STM32H7xx_HAL_Driver/Src/stm32h7xx_hal_rcc_ex.o
 .text.RCCEx_PLL3_Config
                0x08004b40      0x164 ./Drivers/STM32H7xx_HAL_Driver/Src/stm32h7xx_hal_rcc_ex.o
 .text.HAL_SPI_Init
                0x08004ca4      0x248 ./Drivers/STM32H7xx_HAL_Driver/Src/stm32h7xx_hal_spi.o
                0x08004ca4                HAL_SPI_Init
 .text.HAL_SPI_Transmit
                0x08004eec      0x3dc ./Drivers/STM32H7xx_HAL_Driver/Src/stm32h7xx_hal_spi.o
                0x08004eec                HAL_SPI_Transmit
 .text.HAL_SPI_TransmitReceive
                0x080052c8      0x674 ./Drivers/STM32H7xx_HAL_Driver/Src/stm32h7xx_hal_spi.o
                0x080052c8                HAL_SPI_TransmitReceive
 .text.SPI_CloseTransfer
                0x0800593c      0x140 ./Drivers/STM32H7xx_HAL_Driver/Src/stm32h7xx_hal_spi.o
 .text.SPI_WaitOnFlagUntilTimeout
                0x08005a7c       0x5c ./Drivers/STM32H7xx_HAL_Driver/Src/stm32h7xx_hal_spi.o
 .text.SPI_GetPacketSize
                0x08005ad8       0x36 ./Drivers/STM32H7xx_HAL_Driver/Src/stm32h7xx_hal_spi.o
 *fill*         0x08005b0e        0x2 
 .text.USB_CoreInit
                0x08005b10       0xe4 ./Drivers/STM32H7xx_HAL_Driver/Src/stm32h7xx_ll_usb.o
                0x08005b10                USB_CoreInit
 .text.USB_SetTurnaroundTime
                0x08005bf4      0x144 ./Drivers/STM32H7xx_HAL_Driver/Src/stm32h7xx_ll_usb.o
                0x08005bf4                USB_SetTurnaroundTime
 .text.USB_EnableGlobalInt
                0x08005d38       0x22 ./Drivers/STM32H7xx_HAL_Driver/Src/stm32h7xx_ll_usb.o
                0x08005d38                USB_EnableGlobalInt
 .text.USB_DisableGlobalInt
                0x08005d5a       0x22 ./Drivers/STM32H7xx_HAL_Driver/Src/stm32h7xx_ll_usb.o
                0x08005d5a                USB_DisableGlobalInt
 .text.USB_SetCurrentMode
                0x08005d7c       0x98 ./Drivers/STM32H7xx_HAL_Driver/Src/stm32h7xx_ll_usb.o
                0x08005d7c                USB_SetCurrentMode
 .text.USB_DevInit
                0x08005e14      0x2bc ./Drivers/STM32H7xx_HAL_Driver/Src/stm32h7xx_ll_usb.o
                0x08005e14                USB_DevInit
 .text.USB_FlushTxFifo
                0x080060d0       0x64 ./Drivers/STM32H7xx_HAL_Driver/Src/stm32h7xx_ll_usb.o
                0x080060d0                USB_FlushTxFifo
 .text.USB_FlushRxFifo
                0x08006134       0x5c ./Drivers/STM32H7xx_HAL_Driver/Src/stm32h7xx_ll_usb.o
                0x08006134                USB_FlushRxFifo
 .text.USB_SetDevSpeed
                0x08006190       0x32 ./Drivers/STM32H7xx_HAL_Driver/Src/stm32h7xx_ll_usb.o
                0x08006190                USB_SetDevSpeed
 .text.USB_GetDevSpeed
                0x080061c2       0x4a ./Drivers/STM32H7xx_HAL_Driver/Src/stm32h7xx_ll_usb.o
                0x080061c2                USB_GetDevSpeed
 .text.USB_ActivateEndpoint
                0x0800620c      0x110 ./Drivers/STM32H7xx_HAL_Driver/Src/stm32h7xx_ll_usb.o
                0x0800620c                USB_ActivateEndpoint
 .text.USB_DeactivateEndpoint
                0x0800631c      0x1b8 ./Drivers/STM32H7xx_HAL_Driver/Src/stm32h7xx_ll_usb.o
                0x0800631c                USB_DeactivateEndpoint
 .text.USB_EPStartXfer
                0x080064d4      0x548 ./Drivers/STM32H7xx_HAL_Driver/Src/stm32h7xx_ll_usb.o
                0x080064d4                USB_EPStartXfer
 .text.USB_EPStopXfer
                0x08006a1c      0x154 ./Drivers/STM32H7xx_HAL_Driver/Src/stm32h7xx_ll_usb.o
                0x08006a1c                USB_EPStopXfer
 .text.USB_WritePacket
                0x08006b70       0x7c ./Drivers/STM32H7xx_HAL_Driver/Src/stm32h7xx_ll_usb.o
                0x08006b70                USB_WritePacket
 .text.USB_ReadPacket
                0x08006bec       0xb0 ./Drivers/STM32H7xx_HAL_Driver/Src/stm32h7xx_ll_usb.o
                0x08006bec                USB_ReadPacket
 .text.USB_EPSetStall
                0x08006c9c       0xdc ./Drivers/STM32H7xx_HAL_Driver/Src/stm32h7xx_ll_usb.o
                0x08006c9c                USB_EPSetStall
 .text.USB_EPClearStall
                0x08006d78       0xcc ./Drivers/STM32H7xx_HAL_Driver/Src/stm32h7xx_ll_usb.o
                0x08006d78                USB_EPClearStall
 .text.USB_SetDevAddress
                0x08006e44       0x4c ./Drivers/STM32H7xx_HAL_Driver/Src/stm32h7xx_ll_usb.o
                0x08006e44                USB_SetDevAddress
 .text.USB_DevConnect
                0x08006e90       0x42 ./Drivers/STM32H7xx_HAL_Driver/Src/stm32h7xx_ll_usb.o
                0x08006e90                USB_DevConnect
 .text.USB_DevDisconnect
                0x08006ed2       0x42 ./Drivers/STM32H7xx_HAL_Driver/Src/stm32h7xx_ll_usb.o
                0x08006ed2                USB_DevDisconnect
 .text.USB_ReadInterrupts
                0x08006f14       0x26 ./Drivers/STM32H7xx_HAL_Driver/Src/stm32h7xx_ll_usb.o
                0x08006f14                USB_ReadInterrupts
 .text.USB_ReadDevAllOutEpInterrupt
                0x08006f3a       0x34 ./Drivers/STM32H7xx_HAL_Driver/Src/stm32h7xx_ll_usb.o
                0x08006f3a                USB_ReadDevAllOutEpInterrupt
 .text.USB_ReadDevAllInEpInterrupt
                0x08006f6e       0x34 ./Drivers/STM32H7xx_HAL_Driver/Src/stm32h7xx_ll_usb.o
                0x08006f6e                USB_ReadDevAllInEpInterrupt
 .text.USB_ReadDevOutEPInterrupt
                0x08006fa2       0x3c ./Drivers/STM32H7xx_HAL_Driver/Src/stm32h7xx_ll_usb.o
                0x08006fa2                USB_ReadDevOutEPInterrupt
 .text.USB_ReadDevInEPInterrupt
                0x08006fde       0x5c ./Drivers/STM32H7xx_HAL_Driver/Src/stm32h7xx_ll_usb.o
                0x08006fde                USB_ReadDevInEPInterrupt
 .text.USB_GetMode
                0x0800703a       0x1c ./Drivers/STM32H7xx_HAL_Driver/Src/stm32h7xx_ll_usb.o
                0x0800703a                USB_GetMode
 *fill*         0x08007056        0x2 
 .text.USB_ActivateSetup
                0x08007058       0x48 ./Drivers/STM32H7xx_HAL_Driver/Src/stm32h7xx_ll_usb.o
                0x08007058                USB_ActivateSetup
 .text.USB_EP0_OutStart
                0x080070a0       0xbc ./Drivers/STM32H7xx_HAL_Driver/Src/stm32h7xx_ll_usb.o
                0x080070a0                USB_EP0_OutStart
 .text.USB_CoreReset
                0x0800715c       0x62 ./Drivers/STM32H7xx_HAL_Driver/Src/stm32h7xx_ll_usb.o
 *fill*         0x080071be        0x2 
 .text.USBD_CDC_Init
                0x080071c0      0x1f0 ./Middlewares/ST/STM32_USB_Device_Library/Class/CDC/Src/usbd_cdc.o
 .text.USBD_CDC_DeInit
                0x080073b0      0x104 ./Middlewares/ST/STM32_USB_Device_Library/Class/CDC/Src/usbd_cdc.o
 .text.USBD_CDC_Setup
                0x080074b4      0x1b8 ./Middlewares/ST/STM32_USB_Device_Library/Class/CDC/Src/usbd_cdc.o
 .text.USBD_CDC_DataIn
                0x0800766c       0xfe ./Middlewares/ST/STM32_USB_Device_Library/Class/CDC/Src/usbd_cdc.o
 .text.USBD_CDC_DataOut
                0x0800776a       0x70 ./Middlewares/ST/STM32_USB_Device_Library/Class/CDC/Src/usbd_cdc.o
 .text.USBD_CDC_EP0_RxReady
                0x080077da       0x74 ./Middlewares/ST/STM32_USB_Device_Library/Class/CDC/Src/usbd_cdc.o
 *fill*         0x0800784e        0x2 
 .text.USBD_CDC_GetFSCfgDesc
                0x08007850       0x70 ./Middlewares/ST/STM32_USB_Device_Library/Class/CDC/Src/usbd_cdc.o
 .text.USBD_CDC_GetHSCfgDesc
                0x080078c0       0x70 ./Middlewares/ST/STM32_USB_Device_Library/Class/CDC/Src/usbd_cdc.o
 .text.USBD_CDC_GetOtherSpeedCfgDesc
                0x08007930       0x70 ./Middlewares/ST/STM32_USB_Device_Library/Class/CDC/Src/usbd_cdc.o
 .text.USBD_CDC_GetDeviceQualifierDescriptor
                0x080079a0       0x20 ./Middlewares/ST/STM32_USB_Device_Library/Class/CDC/Src/usbd_cdc.o
                0x080079a0                USBD_CDC_GetDeviceQualifierDescriptor
 .text.USBD_CDC_RegisterInterface
                0x080079c0       0x34 ./Middlewares/ST/STM32_USB_Device_Library/Class/CDC/Src/usbd_cdc.o
                0x080079c0                USBD_CDC_RegisterInterface
 .text.USBD_CDC_SetTxBuffer
                0x080079f4       0x44 ./Middlewares/ST/STM32_USB_Device_Library/Class/CDC/Src/usbd_cdc.o
                0x080079f4                USBD_CDC_SetTxBuffer
 .text.USBD_CDC_SetRxBuffer
                0x08007a38       0x3a ./Middlewares/ST/STM32_USB_Device_Library/Class/CDC/Src/usbd_cdc.o
                0x08007a38                USBD_CDC_SetRxBuffer
 *fill*         0x08007a72        0x2 
 .text.USBD_CDC_ReceivePacket
                0x08007a74       0x6c ./Middlewares/ST/STM32_USB_Device_Library/Class/CDC/Src/usbd_cdc.o
                0x08007a74                USBD_CDC_ReceivePacket
 .text.USBD_Init
                0x08007ae0       0x60 ./Middlewares/ST/STM32_USB_Device_Library/Core/Src/usbd_core.o
                0x08007ae0                USBD_Init
 .text.USBD_RegisterClass
                0x08007b40       0x6c ./Middlewares/ST/STM32_USB_Device_Library/Core/Src/usbd_core.o
                0x08007b40                USBD_RegisterClass
 .text.USBD_Start
                0x08007bac       0x18 ./Middlewares/ST/STM32_USB_Device_Library/Core/Src/usbd_core.o
                0x08007bac                USBD_Start
 .text.USBD_RunTestMode
                0x08007bc4       0x16 ./Middlewares/ST/STM32_USB_Device_Library/Core/Src/usbd_core.o
                0x08007bc4                USBD_RunTestMode
 .text.USBD_SetClassConfig
                0x08007bda       0x38 ./Middlewares/ST/STM32_USB_Device_Library/Core/Src/usbd_core.o
                0x08007bda                USBD_SetClassConfig
 .text.USBD_ClrClassConfig
                0x08007c12       0x34 ./Middlewares/ST/STM32_USB_Device_Library/Core/Src/usbd_core.o
                0x08007c12                USBD_ClrClassConfig
 .text.USBD_LL_SetupStage
                0x08007c46       0xaa ./Middlewares/ST/STM32_USB_Device_Library/Core/Src/usbd_core.o
                0x08007c46                USBD_LL_SetupStage
 .text.USBD_LL_DataOutStage
                0x08007cf0      0x166 ./Middlewares/ST/STM32_USB_Device_Library/Core/Src/usbd_core.o
                0x08007cf0                USBD_LL_DataOutStage
 .text.USBD_LL_DataInStage
                0x08007e56      0x164 ./Middlewares/ST/STM32_USB_Device_Library/Core/Src/usbd_core.o
                0x08007e56                USBD_LL_DataInStage
 .text.USBD_LL_Reset
                0x08007fba       0xa4 ./Middlewares/ST/STM32_USB_Device_Library/Core/Src/usbd_core.o
                0x08007fba                USBD_LL_Reset
 .text.USBD_LL_SetSpeed
                0x0800805e       0x20 ./Middlewares/ST/STM32_USB_Device_Library/Core/Src/usbd_core.o
                0x0800805e                USBD_LL_SetSpeed
 .text.USBD_LL_Suspend
                0x0800807e       0x38 ./Middlewares/ST/STM32_USB_Device_Library/Core/Src/usbd_core.o
                0x0800807e                USBD_LL_Suspend
 .text.USBD_LL_Resume
                0x080080b6       0x30 ./Middlewares/ST/STM32_USB_Device_Library/Core/Src/usbd_core.o
                0x080080b6                USBD_LL_Resume
 .text.USBD_LL_SOF
                0x080080e6       0x40 ./Middlewares/ST/STM32_USB_Device_Library/Core/Src/usbd_core.o
                0x080080e6                USBD_LL_SOF
 .text.USBD_LL_IsoINIncomplete
                0x08008126       0x64 ./Middlewares/ST/STM32_USB_Device_Library/Core/Src/usbd_core.o
                0x08008126                USBD_LL_IsoINIncomplete
 .text.USBD_LL_IsoOUTIncomplete
                0x0800818a       0x64 ./Middlewares/ST/STM32_USB_Device_Library/Core/Src/usbd_core.o
                0x0800818a                USBD_LL_IsoOUTIncomplete
 .text.USBD_LL_DevConnected
                0x080081ee       0x16 ./Middlewares/ST/STM32_USB_Device_Library/Core/Src/usbd_core.o
                0x080081ee                USBD_LL_DevConnected
 .text.USBD_LL_DevDisconnected
                0x08008204       0x46 ./Middlewares/ST/STM32_USB_Device_Library/Core/Src/usbd_core.o
                0x08008204                USBD_LL_DevDisconnected
 .text.USBD_CoreFindIF
                0x0800824a       0x1a ./Middlewares/ST/STM32_USB_Device_Library/Core/Src/usbd_core.o
                0x0800824a                USBD_CoreFindIF
 .text.USBD_CoreFindEP
                0x08008264       0x1a ./Middlewares/ST/STM32_USB_Device_Library/Core/Src/usbd_core.o
                0x08008264                USBD_CoreFindEP
 .text.USBD_GetEpDesc
                0x0800827e       0x70 ./Middlewares/ST/STM32_USB_Device_Library/Core/Src/usbd_core.o
                0x0800827e                USBD_GetEpDesc
 .text.USBD_GetNextDesc
                0x080082ee       0x38 ./Middlewares/ST/STM32_USB_Device_Library/Core/Src/usbd_core.o
                0x080082ee                USBD_GetNextDesc
 .text.SWAPBYTE
                0x08008326       0x3e ./Middlewares/ST/STM32_USB_Device_Library/Core/Src/usbd_ctlreq.o
 .text.USBD_StdDevReq
                0x08008364       0xe4 ./Middlewares/ST/STM32_USB_Device_Library/Core/Src/usbd_ctlreq.o
                0x08008364                USBD_StdDevReq
 .text.USBD_StdItfReq
                0x08008448       0xd8 ./Middlewares/ST/STM32_USB_Device_Library/Core/Src/usbd_ctlreq.o
                0x08008448                USBD_StdItfReq
 .text.USBD_StdEPReq
                0x08008520      0x33a ./Middlewares/ST/STM32_USB_Device_Library/Core/Src/usbd_ctlreq.o
                0x08008520                USBD_StdEPReq
 *fill*         0x0800885a        0x2 
 .text.USBD_GetDescriptor
                0x0800885c      0x328 ./Middlewares/ST/STM32_USB_Device_Library/Core/Src/usbd_ctlreq.o
 .text.USBD_SetAddress
                0x08008b84       0x88 ./Middlewares/ST/STM32_USB_Device_Library/Core/Src/usbd_ctlreq.o
 .text.USBD_SetConfig
                0x08008c0c      0x154 ./Middlewares/ST/STM32_USB_Device_Library/Core/Src/usbd_ctlreq.o
 .text.USBD_GetConfig
                0x08008d60       0x6c ./Middlewares/ST/STM32_USB_Device_Library/Core/Src/usbd_ctlreq.o
 .text.USBD_GetStatus
                0x08008dcc       0x68 ./Middlewares/ST/STM32_USB_Device_Library/Core/Src/usbd_ctlreq.o
 .text.USBD_SetFeature
                0x08008e34       0x52 ./Middlewares/ST/STM32_USB_Device_Library/Core/Src/usbd_ctlreq.o
 .text.USBD_ClrFeature
                0x08008e86       0x44 ./Middlewares/ST/STM32_USB_Device_Library/Core/Src/usbd_ctlreq.o
 .text.USBD_ParseSetupRequest
                0x08008eca       0x74 ./Middlewares/ST/STM32_USB_Device_Library/Core/Src/usbd_ctlreq.o
                0x08008eca                USBD_ParseSetupRequest
 .text.USBD_CtlError
                0x08008f3e       0x22 ./Middlewares/ST/STM32_USB_Device_Library/Core/Src/usbd_ctlreq.o
                0x08008f3e                USBD_CtlError
 .text.USBD_GetString
                0x08008f60       0xa4 ./Middlewares/ST/STM32_USB_Device_Library/Core/Src/usbd_ctlreq.o
                0x08008f60                USBD_GetString
 .text.USBD_GetLen
                0x08009004       0x34 ./Middlewares/ST/STM32_USB_Device_Library/Core/Src/usbd_ctlreq.o
 .text.USBD_CtlSendData
                0x08009038       0x36 ./Middlewares/ST/STM32_USB_Device_Library/Core/Src/usbd_ioreq.o
                0x08009038                USBD_CtlSendData
 .text.USBD_CtlContinueSendData
                0x0800906e       0x22 ./Middlewares/ST/STM32_USB_Device_Library/Core/Src/usbd_ioreq.o
                0x0800906e                USBD_CtlContinueSendData
 .text.USBD_CtlPrepareRx
                0x08009090       0x3a ./Middlewares/ST/STM32_USB_Device_Library/Core/Src/usbd_ioreq.o
                0x08009090                USBD_CtlPrepareRx
 .text.USBD_CtlContinueRx
                0x080090ca       0x22 ./Middlewares/ST/STM32_USB_Device_Library/Core/Src/usbd_ioreq.o
                0x080090ca                USBD_CtlContinueRx
 .text.USBD_CtlSendStatus
                0x080090ec       0x26 ./Middlewares/ST/STM32_USB_Device_Library/Core/Src/usbd_ioreq.o
                0x080090ec                USBD_CtlSendStatus
 .text.USBD_CtlReceiveStatus
                0x08009112       0x26 ./Middlewares/ST/STM32_USB_Device_Library/Core/Src/usbd_ioreq.o
                0x08009112                USBD_CtlReceiveStatus
 .text.MX_USB_DEVICE_Init
                0x08009138       0x64 ./USB_DEVICE/App/usb_device.o
                0x08009138                MX_USB_DEVICE_Init
 .text.CDC_Init_HS
                0x0800919c       0x28 ./USB_DEVICE/App/usbd_cdc_if.o
 .text.CDC_DeInit_HS
                0x080091c4       0x10 ./USB_DEVICE/App/usbd_cdc_if.o
 .text.CDC_Control_HS
                0x080091d4       0xbc ./USB_DEVICE/App/usbd_cdc_if.o
 .text.CDC_Receive_HS
                0x08009290       0x28 ./USB_DEVICE/App/usbd_cdc_if.o
 .text.CDC_TransmitCplt_HS
                0x080092b8       0x22 ./USB_DEVICE/App/usbd_cdc_if.o
 *fill*         0x080092da        0x2 
 .text.USBD_HS_DeviceDescriptor
                0x080092dc       0x24 ./USB_DEVICE/App/usbd_desc.o
                0x080092dc                USBD_HS_DeviceDescriptor
 .text.USBD_HS_LangIDStrDescriptor
                0x08009300       0x24 ./USB_DEVICE/App/usbd_desc.o
                0x08009300                USBD_HS_LangIDStrDescriptor
 .text.USBD_HS_ProductStrDescriptor
                0x08009324       0x3c ./USB_DEVICE/App/usbd_desc.o
                0x08009324                USBD_HS_ProductStrDescriptor
 .text.USBD_HS_ManufacturerStrDescriptor
                0x08009360       0x28 ./USB_DEVICE/App/usbd_desc.o
                0x08009360                USBD_HS_ManufacturerStrDescriptor
 .text.USBD_HS_SerialStrDescriptor
                0x08009388       0x24 ./USB_DEVICE/App/usbd_desc.o
                0x08009388                USBD_HS_SerialStrDescriptor
 .text.USBD_HS_ConfigStrDescriptor
                0x080093ac       0x3c ./USB_DEVICE/App/usbd_desc.o
                0x080093ac                USBD_HS_ConfigStrDescriptor
 .text.USBD_HS_InterfaceStrDescriptor
                0x080093e8       0x3c ./USB_DEVICE/App/usbd_desc.o
                0x080093e8                USBD_HS_InterfaceStrDescriptor
 .text.Get_SerialNum
                0x08009424       0x58 ./USB_DEVICE/App/usbd_desc.o
 .text.IntToUnicode
                0x0800947c       0x7e ./USB_DEVICE/App/usbd_desc.o
 *fill*         0x080094fa        0x2 
 .text.HAL_PCD_MspInit
                0x080094fc       0xdc ./USB_DEVICE/Target/usbd_conf.o
                0x080094fc                HAL_PCD_MspInit
 .text.HAL_PCD_SetupStageCallback
                0x080095d8       0x24 ./USB_DEVICE/Target/usbd_conf.o
                0x080095d8                HAL_PCD_SetupStageCallback
 .text.HAL_PCD_DataOutStageCallback
                0x080095fc       0x36 ./USB_DEVICE/Target/usbd_conf.o
                0x080095fc                HAL_PCD_DataOutStageCallback
 .text.HAL_PCD_DataInStageCallback
                0x08009632       0x34 ./USB_DEVICE/Target/usbd_conf.o
                0x08009632                HAL_PCD_DataInStageCallback
 .text.HAL_PCD_SOFCallback
                0x08009666       0x1c ./USB_DEVICE/Target/usbd_conf.o
                0x08009666                HAL_PCD_SOFCallback
 .text.HAL_PCD_ResetCallback
                0x08009682       0x50 ./USB_DEVICE/Target/usbd_conf.o
                0x08009682                HAL_PCD_ResetCallback
 *fill*         0x080096d2        0x2 
 .text.HAL_PCD_SuspendCallback
                0x080096d4       0x4c ./USB_DEVICE/Target/usbd_conf.o
                0x080096d4                HAL_PCD_SuspendCallback
 .text.HAL_PCD_ResumeCallback
                0x08009720       0x1c ./USB_DEVICE/Target/usbd_conf.o
                0x08009720                HAL_PCD_ResumeCallback
 .text.HAL_PCD_ISOOUTIncompleteCallback
                0x0800973c       0x24 ./USB_DEVICE/Target/usbd_conf.o
                0x0800973c                HAL_PCD_ISOOUTIncompleteCallback
 .text.HAL_PCD_ISOINIncompleteCallback
                0x08009760       0x24 ./USB_DEVICE/Target/usbd_conf.o
                0x08009760                HAL_PCD_ISOINIncompleteCallback
 .text.HAL_PCD_ConnectCallback
                0x08009784       0x1c ./USB_DEVICE/Target/usbd_conf.o
                0x08009784                HAL_PCD_ConnectCallback
 .text.HAL_PCD_DisconnectCallback
                0x080097a0       0x1c ./USB_DEVICE/Target/usbd_conf.o
                0x080097a0                HAL_PCD_DisconnectCallback
 .text.USBD_LL_Init
                0x080097bc       0xa4 ./USB_DEVICE/Target/usbd_conf.o
                0x080097bc                USBD_LL_Init
 .text.USBD_LL_Start
                0x08009860       0x36 ./USB_DEVICE/Target/usbd_conf.o
                0x08009860                USBD_LL_Start
 .text.USBD_LL_OpenEP
                0x08009896       0x4c ./USB_DEVICE/Target/usbd_conf.o
                0x08009896                USBD_LL_OpenEP
 .text.USBD_LL_CloseEP
                0x080098e2       0x3e ./USB_DEVICE/Target/usbd_conf.o
                0x080098e2                USBD_LL_CloseEP
 .text.USBD_LL_StallEP
                0x08009920       0x3e ./USB_DEVICE/Target/usbd_conf.o
                0x08009920                USBD_LL_StallEP
 .text.USBD_LL_ClearStallEP
                0x0800995e       0x3e ./USB_DEVICE/Target/usbd_conf.o
                0x0800995e                USBD_LL_ClearStallEP
 .text.USBD_LL_IsStallEP
                0x0800999c       0x58 ./USB_DEVICE/Target/usbd_conf.o
                0x0800999c                USBD_LL_IsStallEP
 .text.USBD_LL_SetUSBAddress
                0x080099f4       0x3e ./USB_DEVICE/Target/usbd_conf.o
                0x080099f4                USBD_LL_SetUSBAddress
 .text.USBD_LL_Transmit
                0x08009a32       0x42 ./USB_DEVICE/Target/usbd_conf.o
                0x08009a32                USBD_LL_Transmit
 .text.USBD_LL_PrepareReceive
                0x08009a74       0x42 ./USB_DEVICE/Target/usbd_conf.o
                0x08009a74                USBD_LL_PrepareReceive
 .text.USBD_LL_GetRxDataSize
                0x08009ab6       0x26 ./USB_DEVICE/Target/usbd_conf.o
                0x08009ab6                USBD_LL_GetRxDataSize
 .text.USBD_static_malloc
                0x08009adc       0x1c ./USB_DEVICE/Target/usbd_conf.o
                0x08009adc                USBD_static_malloc
 .text.USBD_static_free
                0x08009af8       0x14 ./USB_DEVICE/Target/usbd_conf.o
                0x08009af8                USBD_static_free
 .text.USBD_Get_USB_Status
                0x08009b0c       0x58 ./USB_DEVICE/Target/usbd_conf.o
                0x08009b0c                USBD_Get_USB_Status
 .text.memset   0x08009b64       0x10 /Applications/STM32CubeIDE.app/Contents/Eclipse/plugins/com.st.stm32cube.ide.mcu.externaltools.gnu-tools-for-stm32.13.3.rel1.macos64_1.0.0.202411102158/tools/bin/../lib/gcc/arm-none-eabi/13.3.1/../../../../arm-none-eabi/lib/thumb/v7e-m+dp/hard/libc_nano.a(libc_a-memset.o)
                0x08009b64                memset
 .text.__libc_init_array
                0x08009b74       0x48 /Applications/STM32CubeIDE.app/Contents/Eclipse/plugins/com.st.stm32cube.ide.mcu.externaltools.gnu-tools-for-stm32.13.3.rel1.macos64_1.0.0.202411102158/tools/bin/../lib/gcc/arm-none-eabi/13.3.1/../../../../arm-none-eabi/lib/thumb/v7e-m+dp/hard/libc_nano.a(libc_a-init.o)
                0x08009b74                __libc_init_array
 *(.glue_7)
 .glue_7        0x08009bbc        0x0 linker stubs
 *(.glue_7t)
 .glue_7t       0x08009bbc        0x0 linker stubs
 *(.eh_frame)
 .eh_frame      0x08009bbc        0x0 /Applications/STM32CubeIDE.app/Contents/Eclipse/plugins/com.st.stm32cube.ide.mcu.externaltools.gnu-tools-for-stm32.13.3.rel1.macos64_1.0.0.202411102158/tools/bin/../lib/gcc/arm-none-eabi/13.3.1/thumb/v7e-m+dp/hard/crtbegin.o
 *(.init)
 .init          0x08009bbc        0x4 /Applications/STM32CubeIDE.app/Contents/Eclipse/plugins/com.st.stm32cube.ide.mcu.externaltools.gnu-tools-for-stm32.13.3.rel1.macos64_1.0.0.202411102158/tools/bin/../lib/gcc/arm-none-eabi/13.3.1/thumb/v7e-m+dp/hard/crti.o
                0x08009bbc                _init
 .init          0x08009bc0        0x8 /Applications/STM32CubeIDE.app/Contents/Eclipse/plugins/com.st.stm32cube.ide.mcu.externaltools.gnu-tools-for-stm32.13.3.rel1.macos64_1.0.0.202411102158/tools/bin/../lib/gcc/arm-none-eabi/13.3.1/thumb/v7e-m+dp/hard/crtn.o
 *(.fini)
 .fini          0x08009bc8        0x4 /Applications/STM32CubeIDE.app/Contents/Eclipse/plugins/com.st.stm32cube.ide.mcu.externaltools.gnu-tools-for-stm32.13.3.rel1.macos64_1.0.0.202411102158/tools/bin/../lib/gcc/arm-none-eabi/13.3.1/thumb/v7e-m+dp/hard/crti.o
                0x08009bc8                _fini
 .fini          0x08009bcc        0x8 /Applications/STM32CubeIDE.app/Contents/Eclipse/plugins/com.st.stm32cube.ide.mcu.externaltools.gnu-tools-for-stm32.13.3.rel1.macos64_1.0.0.202411102158/tools/bin/../lib/gcc/arm-none-eabi/13.3.1/thumb/v7e-m+dp/hard/crtn.o
                0x08009bd4                        . = ALIGN (0x4)
                0x08009bd4                        _etext = .

.vfp11_veneer   0x08009bd4        0x0
 .vfp11_veneer  0x08009bd4        0x0 linker stubs

.v4_bx          0x08009bd4        0x0
 .v4_bx         0x08009bd4        0x0 linker stubs

.iplt           0x08009bd4        0x0
 .iplt          0x08009bd4        0x0 /Applications/STM32CubeIDE.app/Contents/Eclipse/plugins/com.st.stm32cube.ide.mcu.externaltools.gnu-tools-for-stm32.13.3.rel1.macos64_1.0.0.202411102158/tools/bin/../lib/gcc/arm-none-eabi/13.3.1/thumb/v7e-m+dp/hard/crtbegin.o

.rodata         0x08009bd4       0x58
                0x08009bd4                        . = ALIGN (0x4)
 *(.rodata)
 .rodata        0x08009bd4       0x46 ./USB_DEVICE/App/usbd_desc.o
 *(.rodata*)
 *fill*         0x08009c1a        0x2 
 .rodata.D1CorePrescTable
                0x08009c1c       0x10 ./Core/Src/system_stm32h7xx.o
                0x08009c1c                D1CorePrescTable
                0x08009c2c                        . = ALIGN (0x4)

.ARM.extab
 *(.ARM.extab* .gnu.linkonce.armextab.*)

.ARM            0x08009c2c        0x0
                0x08009c2c                        __exidx_start = .
 *(.ARM.exidx*)
                0x08009c2c                        __exidx_end = .

.preinit_array  0x08009c2c        0x0
                0x08009c2c                        PROVIDE (__preinit_array_start = .)
 *(.preinit_array*)
                0x08009c2c                        PROVIDE (__preinit_array_end = .)

.init_array     0x08009c2c        0x4
                0x08009c2c                        PROVIDE (__init_array_start = .)
 *(SORT_BY_NAME(.init_array.*))
 *(.init_array*)
 .init_array    0x08009c2c        0x4 /Applications/STM32CubeIDE.app/Contents/Eclipse/plugins/com.st.stm32cube.ide.mcu.externaltools.gnu-tools-for-stm32.13.3.rel1.macos64_1.0.0.202411102158/tools/bin/../lib/gcc/arm-none-eabi/13.3.1/thumb/v7e-m+dp/hard/crtbegin.o
                0x08009c30                        PROVIDE (__init_array_end = .)

.fini_array     0x08009c30        0x4
                [!provide]                        PROVIDE (__fini_array_start = .)
 *(SORT_BY_NAME(.fini_array.*))
 *(.fini_array*)
 .fini_array    0x08009c30        0x4 /Applications/STM32CubeIDE.app/Contents/Eclipse/plugins/com.st.stm32cube.ide.mcu.externaltools.gnu-tools-for-stm32.13.3.rel1.macos64_1.0.0.202411102158/tools/bin/../lib/gcc/arm-none-eabi/13.3.1/thumb/v7e-m+dp/hard/crtbegin.o
                [!provide]                        PROVIDE (__fini_array_end = .)
                0x08009c34                        _sidata = LOADADDR (.data)

.rel.dyn        0x08009c34        0x0
 .rel.iplt      0x08009c34        0x0 /Applications/STM32CubeIDE.app/Contents/Eclipse/plugins/com.st.stm32cube.ide.mcu.externaltools.gnu-tools-for-stm32.13.3.rel1.macos64_1.0.0.202411102158/tools/bin/../lib/gcc/arm-none-eabi/13.3.1/thumb/v7e-m+dp/hard/crtbegin.o

.data           0x24000000      0x104 load address 0x08009c34
                0x24000000                        . = ALIGN (0x4)
                0x24000000                        _sdata = .
 *(.data)
 *(.data*)
 .data.SystemCoreClock
                0x24000000        0x4 ./Core/Src/system_stm32h7xx.o
                0x24000000                SystemCoreClock
 .data.SystemD2Clock
                0x24000004        0x4 ./Core/Src/system_stm32h7xx.o
                0x24000004                SystemD2Clock
 .data.uwTickPrio
                0x24000008        0x4 ./Drivers/STM32H7xx_HAL_Driver/Src/stm32h7xx_hal.o
                0x24000008                uwTickPrio
 .data.uwTickFreq
                0x2400000c        0x1 ./Drivers/STM32H7xx_HAL_Driver/Src/stm32h7xx_hal.o
                0x2400000c                uwTickFreq
 *fill*         0x2400000d        0x3 
 .data.USBD_CDC_DeviceQualifierDesc
                0x24000010        0xa ./Middlewares/ST/STM32_USB_Device_Library/Class/CDC/Src/usbd_cdc.o
 *fill*         0x2400001a        0x2 
 .data.USBD_CDC
                0x2400001c       0x38 ./Middlewares/ST/STM32_USB_Device_Library/Class/CDC/Src/usbd_cdc.o
                0x2400001c                USBD_CDC
 .data.USBD_CDC_CfgDesc
                0x24000054       0x43 ./Middlewares/ST/STM32_USB_Device_Library/Class/CDC/Src/usbd_cdc.o
 .data.CDCInEpAdd
                0x24000097        0x1 ./Middlewares/ST/STM32_USB_Device_Library/Class/CDC/Src/usbd_cdc.o
 .data.CDCOutEpAdd
                0x24000098        0x1 ./Middlewares/ST/STM32_USB_Device_Library/Class/CDC/Src/usbd_cdc.o
 .data.CDCCmdEpAdd
                0x24000099        0x1 ./Middlewares/ST/STM32_USB_Device_Library/Class/CDC/Src/usbd_cdc.o
 *fill*         0x2400009a        0x2 
 .data.USBD_Interface_fops_HS
                0x2400009c       0x14 ./USB_DEVICE/App/usbd_cdc_if.o
                0x2400009c                USBD_Interface_fops_HS
 .data.HS_Desc  0x240000b0       0x20 ./USB_DEVICE/App/usbd_desc.o
                0x240000b0                HS_Desc
 .data.USBD_HS_DeviceDesc
                0x240000d0       0x12 ./USB_DEVICE/App/usbd_desc.o
                0x240000d0                USBD_HS_DeviceDesc
 *fill*         0x240000e2        0x2 
 .data.USBD_LangIDDesc
                0x240000e4        0x4 ./USB_DEVICE/App/usbd_desc.o
                0x240000e4                USBD_LangIDDesc
 .data.USBD_StringSerial
                0x240000e8       0x1a ./USB_DEVICE/App/usbd_desc.o
                0x240000e8                USBD_StringSerial
 *(.RamFunc)
 *(.RamFunc*)
                0x24000104                        . = ALIGN (0x4)
 *fill*         0x24000102        0x2 
                0x24000104                        _edata = .

.igot.plt       0x24000104        0x0 load address 0x08009d38
 .igot.plt      0x24000104        0x0 /Applications/STM32CubeIDE.app/Contents/Eclipse/plugins/com.st.stm32cube.ide.mcu.externaltools.gnu-tools-for-stm32.13.3.rel1.macos64_1.0.0.202411102158/tools/bin/../lib/gcc/arm-none-eabi/13.3.1/thumb/v7e-m+dp/hard/crtbegin.o
                0x24000104                        . = ALIGN (0x4)

.bss            0x24000104     0x1c8c load address 0x08009d38
                0x24000104                        _sbss = .
                0x24000104                        __bss_start__ = _sbss
 *(.bss)
 .bss           0x24000104       0x1c /Applications/STM32CubeIDE.app/Contents/Eclipse/plugins/com.st.stm32cube.ide.mcu.externaltools.gnu-tools-for-stm32.13.3.rel1.macos64_1.0.0.202411102158/tools/bin/../lib/gcc/arm-none-eabi/13.3.1/thumb/v7e-m+dp/hard/crtbegin.o
 *(.bss*)
 .bss.hspi5     0x24000120       0x88 ./Core/Src/main.o
                0x24000120                hspi5
 .bss.uwTick    0x240001a8        0x4 ./Drivers/STM32H7xx_HAL_Driver/Src/stm32h7xx_hal.o
                0x240001a8                uwTick
 .bss.cfgidx.0  0x240001ac        0x1 ./Middlewares/ST/STM32_USB_Device_Library/Core/Src/usbd_ctlreq.o
 *fill*         0x240001ad        0x3 
 .bss.hUsbDeviceHS
                0x240001b0      0x2dc ./USB_DEVICE/App/usb_device.o
                0x240001b0                hUsbDeviceHS
 .bss.UserRxBufferHS
                0x2400048c      0x800 ./USB_DEVICE/App/usbd_cdc_if.o
                0x2400048c                UserRxBufferHS
 .bss.UserTxBufferHS
                0x24000c8c      0x800 ./USB_DEVICE/App/usbd_cdc_if.o
                0x24000c8c                UserTxBufferHS
 .bss.USBD_StrDesc
                0x2400148c      0x200 ./USB_DEVICE/App/usbd_desc.o
                0x2400148c                USBD_StrDesc
 .bss.hpcd_USB_OTG_HS
                0x2400168c      0x4e4 ./USB_DEVICE/Target/usbd_conf.o
                0x2400168c                hpcd_USB_OTG_HS
 .bss.mem.0     0x24001b70      0x220 ./USB_DEVICE/Target/usbd_conf.o
 *(COMMON)
                0x24001d90                        . = ALIGN (0x4)
                0x24001d90                        _ebss = .
                0x24001d90                        __bss_end__ = _ebss

._user_heap_stack
                0x24001d90      0x600 load address 0x08009d38
                0x24001d90                        . = ALIGN (0x8)
                [!provide]                        PROVIDE (end = .)
                0x24001d90                        PROVIDE (_end = .)
                0x24001f90                        . = (. + _Min_Heap_Size)
 *fill*         0x24001d90      0x200 
                0x24002390                        . = (. + _Min_Stack_Size)
 *fill*         0x24001f90      0x400 
                0x24002390                        . = ALIGN (0x8)

/DISCARD/
 libc.a(*)
 libm.a(*)
 libgcc.a(*)

.ARM.attributes
                0x00000000       0x2e
 *(.ARM.attributes)
 .ARM.attributes
                0x00000000       0x20 /Applications/STM32CubeIDE.app/Contents/Eclipse/plugins/com.st.stm32cube.ide.mcu.externaltools.gnu-tools-for-stm32.13.3.rel1.macos64_1.0.0.202411102158/tools/bin/../lib/gcc/arm-none-eabi/13.3.1/thumb/v7e-m+dp/hard/crti.o
 .ARM.attributes
                0x00000020       0x32 /Applications/STM32CubeIDE.app/Contents/Eclipse/plugins/com.st.stm32cube.ide.mcu.externaltools.gnu-tools-for-stm32.13.3.rel1.macos64_1.0.0.202411102158/tools/bin/../lib/gcc/arm-none-eabi/13.3.1/thumb/v7e-m+dp/hard/crtbegin.o
 .ARM.attributes
                0x00000052       0x32 ./Core/Src/functions.o
 .ARM.attributes
                0x00000084       0x32 ./Core/Src/main.o
 .ARM.attributes
                0x000000b6       0x32 ./Core/Src/stm32h7xx_hal_msp.o
 .ARM.attributes
                0x000000e8       0x32 ./Core/Src/stm32h7xx_it.o
 .ARM.attributes
                0x0000011a       0x32 ./Core/Src/system_stm32h7xx.o
 .ARM.attributes
                0x0000014c       0x21 ./Core/Startup/startup_stm32h723zgtx.o
 .ARM.attributes
                0x0000016d       0x32 ./Drivers/STM32H7xx_HAL_Driver/Src/stm32h7xx_hal.o
 .ARM.attributes
                0x0000019f       0x32 ./Drivers/STM32H7xx_HAL_Driver/Src/stm32h7xx_hal_cortex.o
 .ARM.attributes
                0x000001d1       0x32 ./Drivers/STM32H7xx_HAL_Driver/Src/stm32h7xx_hal_gpio.o
 .ARM.attributes
                0x00000203       0x32 ./Drivers/STM32H7xx_HAL_Driver/Src/stm32h7xx_hal_pcd.o
 .ARM.attributes
                0x00000235       0x32 ./Drivers/STM32H7xx_HAL_Driver/Src/stm32h7xx_hal_pcd_ex.o
 .ARM.attributes
                0x00000267       0x32 ./Drivers/STM32H7xx_HAL_Driver/Src/stm32h7xx_hal_pwr_ex.o
 .ARM.attributes
                0x00000299       0x32 ./Drivers/STM32H7xx_HAL_Driver/Src/stm32h7xx_hal_rcc.o
 .ARM.attributes
                0x000002cb       0x32 ./Drivers/STM32H7xx_HAL_Driver/Src/stm32h7xx_hal_rcc_ex.o
 .ARM.attributes
                0x000002fd       0x32 ./Drivers/STM32H7xx_HAL_Driver/Src/stm32h7xx_hal_spi.o
 .ARM.attributes
                0x0000032f       0x32 ./Drivers/STM32H7xx_HAL_Driver/Src/stm32h7xx_ll_usb.o
 .ARM.attributes
                0x00000361       0x32 ./Middlewares/ST/STM32_USB_Device_Library/Class/CDC/Src/usbd_cdc.o
 .ARM.attributes
                0x00000393       0x32 ./Middlewares/ST/STM32_USB_Device_Library/Core/Src/usbd_core.o
 .ARM.attributes
                0x000003c5       0x32 ./Middlewares/ST/STM32_USB_Device_Library/Core/Src/usbd_ctlreq.o
 .ARM.attributes
                0x000003f7       0x32 ./Middlewares/ST/STM32_USB_Device_Library/Core/Src/usbd_ioreq.o
 .ARM.attributes
                0x00000429       0x32 ./USB_DEVICE/App/usb_device.o
 .ARM.attributes
                0x0000045b       0x32 ./USB_DEVICE/App/usbd_cdc_if.o
 .ARM.attributes
                0x0000048d       0x32 ./USB_DEVICE/App/usbd_desc.o
 .ARM.attributes
                0x000004bf       0x32 ./USB_DEVICE/Target/usbd_conf.o
 .ARM.attributes
                0x000004f1       0x32 /Applications/STM32CubeIDE.app/Contents/Eclipse/plugins/com.st.stm32cube.ide.mcu.externaltools.gnu-tools-for-stm32.13.3.rel1.macos64_1.0.0.202411102158/tools/bin/../lib/gcc/arm-none-eabi/13.3.1/../../../../arm-none-eabi/lib/thumb/v7e-m+dp/hard/libc_nano.a(libc_a-memset.o)
 .ARM.attributes
                0x00000523       0x32 /Applications/STM32CubeIDE.app/Contents/Eclipse/plugins/com.st.stm32cube.ide.mcu.externaltools.gnu-tools-for-stm32.13.3.rel1.macos64_1.0.0.202411102158/tools/bin/../lib/gcc/arm-none-eabi/13.3.1/../../../../arm-none-eabi/lib/thumb/v7e-m+dp/hard/libc_nano.a(libc_a-init.o)
 .ARM.attributes
                0x00000555       0x20 /Applications/STM32CubeIDE.app/Contents/Eclipse/plugins/com.st.stm32cube.ide.mcu.externaltools.gnu-tools-for-stm32.13.3.rel1.macos64_1.0.0.202411102158/tools/bin/../lib/gcc/arm-none-eabi/13.3.1/thumb/v7e-m+dp/hard/crtn.o
OUTPUT(Photonic.elf elf32-littlearm)
LOAD linker stubs
LOAD /Applications/STM32CubeIDE.app/Contents/Eclipse/plugins/com.st.stm32cube.ide.mcu.externaltools.gnu-tools-for-stm32.13.3.rel1.macos64_1.0.0.202411102158/tools/bin/../lib/gcc/arm-none-eabi/13.3.1/../../../../arm-none-eabi/lib/thumb/v7e-m+dp/hard/libc.a
LOAD /Applications/STM32CubeIDE.app/Contents/Eclipse/plugins/com.st.stm32cube.ide.mcu.externaltools.gnu-tools-for-stm32.13.3.rel1.macos64_1.0.0.202411102158/tools/bin/../lib/gcc/arm-none-eabi/13.3.1/../../../../arm-none-eabi/lib/thumb/v7e-m+dp/hard/libm.a
LOAD /Applications/STM32CubeIDE.app/Contents/Eclipse/plugins/com.st.stm32cube.ide.mcu.externaltools.gnu-tools-for-stm32.13.3.rel1.macos64_1.0.0.202411102158/tools/bin/../lib/gcc/arm-none-eabi/13.3.1/thumb/v7e-m+dp/hard/libgcc.a

.debug_info     0x00000000    0x15acf
 .debug_info    0x00000000      0x9a7 ./Core/Src/functions.o
 .debug_info    0x000009a7     0x1252 ./Core/Src/main.o
 .debug_info    0x00001bf9     0x105f ./Core/Src/stm32h7xx_hal_msp.o
 .debug_info    0x00002c58      0x6b2 ./Core/Src/stm32h7xx_it.o
 .debug_info    0x0000330a      0xbf0 ./Core/Src/system_stm32h7xx.o
 .debug_info    0x00003efa       0x30 ./Core/Startup/startup_stm32h723zgtx.o
 .debug_info    0x00003f2a     0x1698 ./Drivers/STM32H7xx_HAL_Driver/Src/stm32h7xx_hal.o
 .debug_info    0x000055c2     0x10a5 ./Drivers/STM32H7xx_HAL_Driver/Src/stm32h7xx_hal_cortex.o
 .debug_info    0x00006667      0xc6b ./Drivers/STM32H7xx_HAL_Driver/Src/stm32h7xx_hal_gpio.o
 .debug_info    0x000072d2     0x1561 ./Drivers/STM32H7xx_HAL_Driver/Src/stm32h7xx_hal_pcd.o
 .debug_info    0x00008833      0x8b3 ./Drivers/STM32H7xx_HAL_Driver/Src/stm32h7xx_hal_pcd_ex.o
 .debug_info    0x000090e6      0xdce ./Drivers/STM32H7xx_HAL_Driver/Src/stm32h7xx_hal_pwr_ex.o
 .debug_info    0x00009eb4      0xd82 ./Drivers/STM32H7xx_HAL_Driver/Src/stm32h7xx_hal_rcc.o
 .debug_info    0x0000ac36     0x120b ./Drivers/STM32H7xx_HAL_Driver/Src/stm32h7xx_hal_rcc_ex.o
 .debug_info    0x0000be41     0x144a ./Drivers/STM32H7xx_HAL_Driver/Src/stm32h7xx_hal_spi.o
 .debug_info    0x0000d28b     0x1a1e ./Drivers/STM32H7xx_HAL_Driver/Src/stm32h7xx_ll_usb.o
 .debug_info    0x0000eca9     0x133d ./Middlewares/ST/STM32_USB_Device_Library/Class/CDC/Src/usbd_cdc.o
 .debug_info    0x0000ffe6      0xe20 ./Middlewares/ST/STM32_USB_Device_Library/Core/Src/usbd_core.o
 .debug_info    0x00010e06      0xaf9 ./Middlewares/ST/STM32_USB_Device_Library/Core/Src/usbd_ctlreq.o
 .debug_info    0x000118ff      0x770 ./Middlewares/ST/STM32_USB_Device_Library/Core/Src/usbd_ioreq.o
 .debug_info    0x0001206f      0x725 ./USB_DEVICE/App/usb_device.o
 .debug_info    0x00012794      0x915 ./USB_DEVICE/App/usbd_cdc_if.o
 .debug_info    0x000130a9      0x4c5 ./USB_DEVICE/App/usbd_desc.o
 .debug_info    0x0001356e     0x2561 ./USB_DEVICE/Target/usbd_conf.o

.debug_abbrev   0x00000000     0x36f7
 .debug_abbrev  0x00000000      0x1e0 ./Core/Src/functions.o
 .debug_abbrev  0x000001e0      0x2f5 ./Core/Src/main.o
 .debug_abbrev  0x000004d5      0x206 ./Core/Src/stm32h7xx_hal_msp.o
 .debug_abbrev  0x000006db      0x1a4 ./Core/Src/stm32h7xx_it.o
 .debug_abbrev  0x0000087f      0x153 ./Core/Src/system_stm32h7xx.o
 .debug_abbrev  0x000009d2       0x24 ./Core/Startup/startup_stm32h723zgtx.o
 .debug_abbrev  0x000009f6      0x29e ./Drivers/STM32H7xx_HAL_Driver/Src/stm32h7xx_hal.o
 .debug_abbrev  0x00000c94      0x339 ./Drivers/STM32H7xx_HAL_Driver/Src/stm32h7xx_hal_cortex.o
 .debug_abbrev  0x00000fcd      0x205 ./Drivers/STM32H7xx_HAL_Driver/Src/stm32h7xx_hal_gpio.o
 .debug_abbrev  0x000011d2      0x2dc ./Drivers/STM32H7xx_HAL_Driver/Src/stm32h7xx_hal_pcd.o
 .debug_abbrev  0x000014ae      0x256 ./Drivers/STM32H7xx_HAL_Driver/Src/stm32h7xx_hal_pcd_ex.o
 .debug_abbrev  0x00001704      0x295 ./Drivers/STM32H7xx_HAL_Driver/Src/stm32h7xx_hal_pwr_ex.o
 .debug_abbrev  0x00001999      0x2b1 ./Drivers/STM32H7xx_HAL_Driver/Src/stm32h7xx_hal_rcc.o
 .debug_abbrev  0x00001c4a      0x269 ./Drivers/STM32H7xx_HAL_Driver/Src/stm32h7xx_hal_rcc_ex.o
 .debug_abbrev  0x00001eb3      0x2b1 ./Drivers/STM32H7xx_HAL_Driver/Src/stm32h7xx_hal_spi.o
 .debug_abbrev  0x00002164      0x2b3 ./Drivers/STM32H7xx_HAL_Driver/Src/stm32h7xx_ll_usb.o
 .debug_abbrev  0x00002417      0x2d2 ./Middlewares/ST/STM32_USB_Device_Library/Class/CDC/Src/usbd_cdc.o
 .debug_abbrev  0x000026e9      0x27c ./Middlewares/ST/STM32_USB_Device_Library/Core/Src/usbd_core.o
 .debug_abbrev  0x00002965      0x26f ./Middlewares/ST/STM32_USB_Device_Library/Core/Src/usbd_ctlreq.o
 .debug_abbrev  0x00002bd4      0x19a ./Middlewares/ST/STM32_USB_Device_Library/Core/Src/usbd_ioreq.o
 .debug_abbrev  0x00002d6e      0x1a8 ./USB_DEVICE/App/usb_device.o
 .debug_abbrev  0x00002f16      0x29d ./USB_DEVICE/App/usbd_cdc_if.o
 .debug_abbrev  0x000031b3      0x1f5 ./USB_DEVICE/App/usbd_desc.o
 .debug_abbrev  0x000033a8      0x34f ./USB_DEVICE/Target/usbd_conf.o

.debug_aranges  0x00000000     0x1098
 .debug_aranges
                0x00000000       0x38 ./Core/Src/functions.o
 .debug_aranges
                0x00000038       0x48 ./Core/Src/main.o
 .debug_aranges
                0x00000080       0x30 ./Core/Src/stm32h7xx_hal_msp.o
 .debug_aranges
                0x000000b0       0x68 ./Core/Src/stm32h7xx_it.o
 .debug_aranges
                0x00000118       0x30 ./Core/Src/system_stm32h7xx.o
 .debug_aranges
                0x00000148       0x28 ./Core/Startup/startup_stm32h723zgtx.o
 .debug_aranges
                0x00000170      0x1c8 ./Drivers/STM32H7xx_HAL_Driver/Src/stm32h7xx_hal.o
 .debug_aranges
                0x00000338      0x130 ./Drivers/STM32H7xx_HAL_Driver/Src/stm32h7xx_hal_cortex.o
 .debug_aranges
                0x00000468       0x58 ./Drivers/STM32H7xx_HAL_Driver/Src/stm32h7xx_hal_gpio.o
 .debug_aranges
                0x000004c0      0x140 ./Drivers/STM32H7xx_HAL_Driver/Src/stm32h7xx_hal_pcd.o
 .debug_aranges
                0x00000600       0x60 ./Drivers/STM32H7xx_HAL_Driver/Src/stm32h7xx_hal_pcd_ex.o
 .debug_aranges
                0x00000660      0x148 ./Drivers/STM32H7xx_HAL_Driver/Src/stm32h7xx_hal_pwr_ex.o
 .debug_aranges
                0x000007a8       0x88 ./Drivers/STM32H7xx_HAL_Driver/Src/stm32h7xx_hal_rcc.o
 .debug_aranges
                0x00000830       0xf8 ./Drivers/STM32H7xx_HAL_Driver/Src/stm32h7xx_hal_rcc_ex.o
 .debug_aranges
                0x00000928      0x1a8 ./Drivers/STM32H7xx_HAL_Driver/Src/stm32h7xx_hal_spi.o
 .debug_aranges
                0x00000ad0      0x1a0 ./Drivers/STM32H7xx_HAL_Driver/Src/stm32h7xx_ll_usb.o
 .debug_aranges
                0x00000c70       0x90 ./Middlewares/ST/STM32_USB_Device_Library/Class/CDC/Src/usbd_cdc.o
 .debug_aranges
                0x00000d00       0xd8 ./Middlewares/ST/STM32_USB_Device_Library/Core/Src/usbd_core.o
 .debug_aranges
                0x00000dd8       0x90 ./Middlewares/ST/STM32_USB_Device_Library/Core/Src/usbd_ctlreq.o
 .debug_aranges
                0x00000e68       0x50 ./Middlewares/ST/STM32_USB_Device_Library/Core/Src/usbd_ioreq.o
 .debug_aranges
                0x00000eb8       0x20 ./USB_DEVICE/App/usb_device.o
 .debug_aranges
                0x00000ed8       0x48 ./USB_DEVICE/App/usbd_cdc_if.o
 .debug_aranges
                0x00000f20       0x68 ./USB_DEVICE/App/usbd_desc.o
 .debug_aranges
                0x00000f88      0x110 ./USB_DEVICE/Target/usbd_conf.o

.debug_rnglists
                0x00000000      0xc5f
 .debug_rnglists
                0x00000000       0x26 ./Core/Src/functions.o
 .debug_rnglists
                0x00000026       0x34 ./Core/Src/main.o
 .debug_rnglists
                0x0000005a       0x20 ./Core/Src/stm32h7xx_hal_msp.o
 .debug_rnglists
                0x0000007a       0x49 ./Core/Src/stm32h7xx_it.o
 .debug_rnglists
                0x000000c3       0x21 ./Core/Src/system_stm32h7xx.o
 .debug_rnglists
                0x000000e4       0x19 ./Core/Startup/startup_stm32h723zgtx.o
 .debug_rnglists
                0x000000fd      0x155 ./Drivers/STM32H7xx_HAL_Driver/Src/stm32h7xx_hal.o
 .debug_rnglists
                0x00000252       0xe0 ./Drivers/STM32H7xx_HAL_Driver/Src/stm32h7xx_hal_cortex.o
 .debug_rnglists
                0x00000332       0x3f ./Drivers/STM32H7xx_HAL_Driver/Src/stm32h7xx_hal_gpio.o
 .debug_rnglists
                0x00000371       0xf4 ./Drivers/STM32H7xx_HAL_Driver/Src/stm32h7xx_hal_pcd.o
 .debug_rnglists
                0x00000465       0x45 ./Drivers/STM32H7xx_HAL_Driver/Src/stm32h7xx_hal_pcd_ex.o
 .debug_rnglists
                0x000004aa       0xf5 ./Drivers/STM32H7xx_HAL_Driver/Src/stm32h7xx_hal_pwr_ex.o
 .debug_rnglists
                0x0000059f       0x68 ./Drivers/STM32H7xx_HAL_Driver/Src/stm32h7xx_hal_rcc.o
 .debug_rnglists
                0x00000607       0xc0 ./Drivers/STM32H7xx_HAL_Driver/Src/stm32h7xx_hal_rcc_ex.o
 .debug_rnglists
                0x000006c7      0x148 ./Drivers/STM32H7xx_HAL_Driver/Src/stm32h7xx_hal_spi.o
 .debug_rnglists
                0x0000080f      0x147 ./Drivers/STM32H7xx_HAL_Driver/Src/stm32h7xx_ll_usb.o
 .debug_rnglists
                0x00000956       0x6c ./Middlewares/ST/STM32_USB_Device_Library/Class/CDC/Src/usbd_cdc.o
 .debug_rnglists
                0x000009c2       0xa1 ./Middlewares/ST/STM32_USB_Device_Library/Core/Src/usbd_core.o
 .debug_rnglists
                0x00000a63       0x6e ./Middlewares/ST/STM32_USB_Device_Library/Core/Src/usbd_ctlreq.o
 .debug_rnglists
                0x00000ad1       0x37 ./Middlewares/ST/STM32_USB_Device_Library/Core/Src/usbd_ioreq.o
 .debug_rnglists
                0x00000b08       0x13 ./USB_DEVICE/App/usb_device.o
 .debug_rnglists
                0x00000b1b       0x32 ./USB_DEVICE/App/usbd_cdc_if.o
 .debug_rnglists
                0x00000b4d       0x49 ./USB_DEVICE/App/usbd_desc.o
 .debug_rnglists
                0x00000b96       0xc9 ./USB_DEVICE/Target/usbd_conf.o

.debug_macro    0x00000000    0x34a27
 .debug_macro   0x00000000      0x2cd ./Core/Src/functions.o
 .debug_macro   0x000002cd      0xaf6 ./Core/Src/functions.o
 .debug_macro   0x00000dc3      0x238 ./Core/Src/functions.o
 .debug_macro   0x00000ffb       0x2e ./Core/Src/functions.o
 .debug_macro   0x00001029       0x3b ./Core/Src/functions.o
 .debug_macro   0x00001064       0x22 ./Core/Src/functions.o
 .debug_macro   0x00001086       0x8e ./Core/Src/functions.o
 .debug_macro   0x00001114       0x51 ./Core/Src/functions.o
 .debug_macro   0x00001165      0x103 ./Core/Src/functions.o
 .debug_macro   0x00001268       0x6a ./Core/Src/functions.o
 .debug_macro   0x000012d2      0x1df ./Core/Src/functions.o
 .debug_macro   0x000014b1       0x1c ./Core/Src/functions.o
 .debug_macro   0x000014cd       0x22 ./Core/Src/functions.o
 .debug_macro   0x000014ef       0xfb ./Core/Src/functions.o
 .debug_macro   0x000015ea     0x1305 ./Core/Src/functions.o
 .debug_macro   0x000028ef      0x11f ./Core/Src/functions.o
 .debug_macro   0x00002a0e       0x27 ./Core/Src/functions.o
 .debug_macro   0x00002a35    0x216c1 ./Core/Src/functions.o
 .debug_macro   0x000240f6       0x6d ./Core/Src/functions.o
 .debug_macro   0x00024163     0x3d64 ./Core/Src/functions.o
 .debug_macro   0x00027ec7      0x190 ./Core/Src/functions.o
 .debug_macro   0x00028057       0x61 ./Core/Src/functions.o
 .debug_macro   0x000280b8       0x29 ./Core/Src/functions.o
 .debug_macro   0x000280e1       0x43 ./Core/Src/functions.o
 .debug_macro   0x00028124       0x34 ./Core/Src/functions.o
 .debug_macro   0x00028158      0x370 ./Core/Src/functions.o
 .debug_macro   0x000284c8       0x16 ./Core/Src/functions.o
 .debug_macro   0x000284de       0x4a ./Core/Src/functions.o
 .debug_macro   0x00028528       0x34 ./Core/Src/functions.o
 .debug_macro   0x0002855c       0x10 ./Core/Src/functions.o
 .debug_macro   0x0002856c       0x58 ./Core/Src/functions.o
 .debug_macro   0x000285c4       0x8e ./Core/Src/functions.o
 .debug_macro   0x00028652       0x1c ./Core/Src/functions.o
 .debug_macro   0x0002866e      0x185 ./Core/Src/functions.o
 .debug_macro   0x000287f3      0x19b ./Core/Src/functions.o
 .debug_macro   0x0002898e       0x5d ./Core/Src/functions.o
 .debug_macro   0x000289eb     0x2462 ./Core/Src/functions.o
 .debug_macro   0x0002ae4d     0x1079 ./Core/Src/functions.o
 .debug_macro   0x0002bec6      0x154 ./Core/Src/functions.o
 .debug_macro   0x0002c01a      0x114 ./Core/Src/functions.o
 .debug_macro   0x0002c12e      0x3fc ./Core/Src/functions.o
 .debug_macro   0x0002c52a       0xac ./Core/Src/functions.o
 .debug_macro   0x0002c5d6      0x788 ./Core/Src/functions.o
 .debug_macro   0x0002cd5e      0x228 ./Core/Src/functions.o
 .debug_macro   0x0002cf86       0x66 ./Core/Src/functions.o
 .debug_macro   0x0002cfec      0x3a6 ./Core/Src/functions.o
 .debug_macro   0x0002d392      0x3f9 ./Core/Src/functions.o
 .debug_macro   0x0002d78b      0x275 ./Core/Src/functions.o
 .debug_macro   0x0002da00      0x3ca ./Core/Src/functions.o
 .debug_macro   0x0002ddca      0x45c ./Core/Src/functions.o
 .debug_macro   0x0002e226       0x3c ./Core/Src/functions.o
 .debug_macro   0x0002e262       0x4a ./Core/Src/functions.o
 .debug_macro   0x0002e2ac      0x22c ./Core/Src/functions.o
 .debug_macro   0x0002e4d8       0x67 ./Core/Src/functions.o
 .debug_macro   0x0002e53f       0xa5 ./Core/Src/functions.o
 .debug_macro   0x0002e5e4      0x1c4 ./Core/Src/functions.o
 .debug_macro   0x0002e7a8      0x22a ./Core/Src/functions.o
 .debug_macro   0x0002e9d2       0x35 ./Core/Src/functions.o
 .debug_macro   0x0002ea07      0x5e4 ./Core/Src/functions.o
 .debug_macro   0x0002efeb       0xc1 ./Core/Src/functions.o
 .debug_macro   0x0002f0ac      0x293 ./Core/Src/functions.o
 .debug_macro   0x0002f33f       0x90 ./Core/Src/functions.o
 .debug_macro   0x0002f3cf      0x5f2 ./Core/Src/functions.o
 .debug_macro   0x0002f9c1       0x28 ./Core/Src/functions.o
 .debug_macro   0x0002f9e9      0x393 ./Core/Src/main.o
 .debug_macro   0x0002fd7c       0x1c ./Core/Src/main.o
 .debug_macro   0x0002fd98       0x3c ./Core/Src/main.o
 .debug_macro   0x0002fdd4       0x10 ./Core/Src/main.o
 .debug_macro   0x0002fde4       0x1c ./Core/Src/main.o
 .debug_macro   0x0002fe00       0x16 ./Core/Src/main.o
 .debug_macro   0x0002fe16      0x146 ./Core/Src/main.o
 .debug_macro   0x0002ff5c       0x16 ./Core/Src/main.o
 .debug_macro   0x0002ff72       0x16 ./Core/Src/main.o
 .debug_macro   0x0002ff88       0x29 ./Core/Src/main.o
 .debug_macro   0x0002ffb1       0x16 ./Core/Src/main.o
 .debug_macro   0x0002ffc7       0x20 ./Core/Src/main.o
 .debug_macro   0x0002ffe7       0x65 ./Core/Src/main.o
 .debug_macro   0x0003004c      0x20f ./Core/Src/main.o
 .debug_macro   0x0003025b      0x2cd ./Core/Src/stm32h7xx_hal_msp.o
 .debug_macro   0x00030528      0x2d7 ./Core/Src/stm32h7xx_it.o
 .debug_macro   0x000307ff      0x2be ./Core/Src/system_stm32h7xx.o
 .debug_macro   0x00030abd      0x2e8 ./Drivers/STM32H7xx_HAL_Driver/Src/stm32h7xx_hal.o
 .debug_macro   0x00030da5      0x2be ./Drivers/STM32H7xx_HAL_Driver/Src/stm32h7xx_hal_cortex.o
 .debug_macro   0x00031063      0x2c5 ./Drivers/STM32H7xx_HAL_Driver/Src/stm32h7xx_hal_gpio.o
 .debug_macro   0x00031328      0x2ca ./Drivers/STM32H7xx_HAL_Driver/Src/stm32h7xx_hal_pcd.o
 .debug_macro   0x000315f2      0x2be ./Drivers/STM32H7xx_HAL_Driver/Src/stm32h7xx_hal_pcd_ex.o
 .debug_macro   0x000318b0      0x2f7 ./Drivers/STM32H7xx_HAL_Driver/Src/stm32h7xx_hal_pwr_ex.o
 .debug_macro   0x00031ba7      0x2e2 ./Drivers/STM32H7xx_HAL_Driver/Src/stm32h7xx_hal_rcc.o
 .debug_macro   0x00031e89      0x2dc ./Drivers/STM32H7xx_HAL_Driver/Src/stm32h7xx_hal_rcc_ex.o
 .debug_macro   0x00032165      0x2c6 ./Drivers/STM32H7xx_HAL_Driver/Src/stm32h7xx_hal_spi.o
 .debug_macro   0x0003242b      0x2be ./Drivers/STM32H7xx_HAL_Driver/Src/stm32h7xx_ll_usb.o
 .debug_macro   0x000326e9      0x3c4 ./Middlewares/ST/STM32_USB_Device_Library/Class/CDC/Src/usbd_cdc.o
 .debug_macro   0x00032aad       0x16 ./Middlewares/ST/STM32_USB_Device_Library/Class/CDC/Src/usbd_cdc.o
 .debug_macro   0x00032ac3       0x9e ./Middlewares/ST/STM32_USB_Device_Library/Class/CDC/Src/usbd_cdc.o
 .debug_macro   0x00032b61      0x112 ./Middlewares/ST/STM32_USB_Device_Library/Class/CDC/Src/usbd_cdc.o
 .debug_macro   0x00032c73       0x16 ./Middlewares/ST/STM32_USB_Device_Library/Class/CDC/Src/usbd_cdc.o
 .debug_macro   0x00032c89       0x95 ./Middlewares/ST/STM32_USB_Device_Library/Class/CDC/Src/usbd_cdc.o
 .debug_macro   0x00032d1e      0x3ab ./Middlewares/ST/STM32_USB_Device_Library/Core/Src/usbd_core.o
 .debug_macro   0x000330c9      0x215 ./Middlewares/ST/STM32_USB_Device_Library/Core/Src/usbd_core.o
 .debug_macro   0x000332de      0x3b5 ./Middlewares/ST/STM32_USB_Device_Library/Core/Src/usbd_ctlreq.o
 .debug_macro   0x00033693      0x3b1 ./Middlewares/ST/STM32_USB_Device_Library/Core/Src/usbd_ioreq.o
 .debug_macro   0x00033a44      0x3d8 ./USB_DEVICE/App/usb_device.o
 .debug_macro   0x00033e1c       0x2e ./USB_DEVICE/App/usb_device.o
 .debug_macro   0x00033e4a       0x22 ./USB_DEVICE/App/usb_device.o
 .debug_macro   0x00033e6c       0x16 ./USB_DEVICE/App/usb_device.o
 .debug_macro   0x00033e82      0x3cf ./USB_DEVICE/App/usbd_cdc_if.o
 .debug_macro   0x00034251       0x10 ./USB_DEVICE/App/usbd_cdc_if.o
 .debug_macro   0x00034261      0x3ee ./USB_DEVICE/App/usbd_desc.o
 .debug_macro   0x0003464f       0x1c ./USB_DEVICE/App/usbd_desc.o
 .debug_macro   0x0003466b      0x3bc ./USB_DEVICE/Target/usbd_conf.o

.debug_line     0x00000000    0x164b3
 .debug_line    0x00000000      0x93e ./Core/Src/functions.o
 .debug_line    0x0000093e      0xaee ./Core/Src/main.o
 .debug_line    0x0000142c      0x8eb ./Core/Src/stm32h7xx_hal_msp.o
 .debug_line    0x00001d17      0x94e ./Core/Src/stm32h7xx_it.o
 .debug_line    0x00002665      0xa7b ./Core/Src/system_stm32h7xx.o
 .debug_line    0x000030e0       0x7b ./Core/Startup/startup_stm32h723zgtx.o
 .debug_line    0x0000315b      0xef0 ./Drivers/STM32H7xx_HAL_Driver/Src/stm32h7xx_hal.o
 .debug_line    0x0000404b      0xe49 ./Drivers/STM32H7xx_HAL_Driver/Src/stm32h7xx_hal_cortex.o
 .debug_line    0x00004e94      0xcd4 ./Drivers/STM32H7xx_HAL_Driver/Src/stm32h7xx_hal_gpio.o
 .debug_line    0x00005b68     0x15c7 ./Drivers/STM32H7xx_HAL_Driver/Src/stm32h7xx_hal_pcd.o
 .debug_line    0x0000712f      0xa8d ./Drivers/STM32H7xx_HAL_Driver/Src/stm32h7xx_hal_pcd_ex.o
 .debug_line    0x00007bbc      0xf2e ./Drivers/STM32H7xx_HAL_Driver/Src/stm32h7xx_hal_pwr_ex.o
 .debug_line    0x00008aea     0x146d ./Drivers/STM32H7xx_HAL_Driver/Src/stm32h7xx_hal_rcc.o
 .debug_line    0x00009f57     0x1d21 ./Drivers/STM32H7xx_HAL_Driver/Src/stm32h7xx_hal_rcc_ex.o
 .debug_line    0x0000bc78     0x21f1 ./Drivers/STM32H7xx_HAL_Driver/Src/stm32h7xx_hal_spi.o
 .debug_line    0x0000de69     0x1e7b ./Drivers/STM32H7xx_HAL_Driver/Src/stm32h7xx_ll_usb.o
 .debug_line    0x0000fce4      0xeb7 ./Middlewares/ST/STM32_USB_Device_Library/Class/CDC/Src/usbd_cdc.o
 .debug_line    0x00010b9b      0xf5a ./Middlewares/ST/STM32_USB_Device_Library/Core/Src/usbd_core.o
 .debug_line    0x00011af5     0x1154 ./Middlewares/ST/STM32_USB_Device_Library/Core/Src/usbd_ctlreq.o
 .debug_line    0x00012c49      0xa70 ./Middlewares/ST/STM32_USB_Device_Library/Core/Src/usbd_ioreq.o
 .debug_line    0x000136b9      0xa3f ./USB_DEVICE/App/usb_device.o
 .debug_line    0x000140f8      0xa8f ./USB_DEVICE/App/usbd_cdc_if.o
 .debug_line    0x00014b87      0xb00 ./USB_DEVICE/App/usbd_desc.o
 .debug_line    0x00015687      0xe2c ./USB_DEVICE/Target/usbd_conf.o

.debug_str      0x00000000   0x1418f6
 .debug_str     0x00000000   0x1418f6 ./Core/Src/functions.o
                             0x13b0a1 (size before relaxing)
 .debug_str     0x001418f6   0x13c7fa ./Core/Src/main.o
 .debug_str     0x001418f6   0x13b5d9 ./Core/Src/stm32h7xx_hal_msp.o
 .debug_str     0x001418f6   0x13ae80 ./Core/Src/stm32h7xx_it.o
 .debug_str     0x001418f6   0x13add2 ./Core/Src/system_stm32h7xx.o
 .debug_str     0x001418f6       0x77 ./Core/Startup/startup_stm32h723zgtx.o
 .debug_str     0x001418f6   0x13be1d ./Drivers/STM32H7xx_HAL_Driver/Src/stm32h7xx_hal.o
 .debug_str     0x001418f6   0x13b737 ./Drivers/STM32H7xx_HAL_Driver/Src/stm32h7xx_hal_cortex.o
 .debug_str     0x001418f6   0x13adde ./Drivers/STM32H7xx_HAL_Driver/Src/stm32h7xx_hal_gpio.o
 .debug_str     0x001418f6   0x13b590 ./Drivers/STM32H7xx_HAL_Driver/Src/stm32h7xx_hal_pcd.o
 .debug_str     0x001418f6   0x13af2e ./Drivers/STM32H7xx_HAL_Driver/Src/stm32h7xx_hal_pcd_ex.o
 .debug_str     0x001418f6   0x13b1e6 ./Drivers/STM32H7xx_HAL_Driver/Src/stm32h7xx_hal_pwr_ex.o
 .debug_str     0x001418f6   0x13b161 ./Drivers/STM32H7xx_HAL_Driver/Src/stm32h7xx_hal_rcc.o
 .debug_str     0x001418f6   0x13b679 ./Drivers/STM32H7xx_HAL_Driver/Src/stm32h7xx_hal_rcc_ex.o
 .debug_str     0x001418f6   0x13b4e4 ./Drivers/STM32H7xx_HAL_Driver/Src/stm32h7xx_hal_spi.o
 .debug_str     0x001418f6   0x13b48a ./Drivers/STM32H7xx_HAL_Driver/Src/stm32h7xx_ll_usb.o
 .debug_str     0x001418f6   0x13ca89 ./Middlewares/ST/STM32_USB_Device_Library/Class/CDC/Src/usbd_cdc.o
 .debug_str     0x001418f6   0x13c397 ./Middlewares/ST/STM32_USB_Device_Library/Core/Src/usbd_core.o
 .debug_str     0x001418f6   0x13c1c2 ./Middlewares/ST/STM32_USB_Device_Library/Core/Src/usbd_ctlreq.o
 .debug_str     0x001418f6   0x13c097 ./Middlewares/ST/STM32_USB_Device_Library/Core/Src/usbd_ioreq.o
 .debug_str     0x001418f6   0x13c46d ./USB_DEVICE/App/usb_device.o
 .debug_str     0x001418f6   0x13c48a ./USB_DEVICE/App/usbd_cdc_if.o
 .debug_str     0x001418f6   0x13bfc1 ./USB_DEVICE/App/usbd_desc.o
 .debug_str     0x001418f6   0x13db25 ./USB_DEVICE/Target/usbd_conf.o

.comment        0x00000000       0x43
 .comment       0x00000000       0x43 ./Core/Src/functions.o
                                 0x44 (size before relaxing)
 .comment       0x00000043       0x44 ./Core/Src/main.o
 .comment       0x00000043       0x44 ./Core/Src/stm32h7xx_hal_msp.o
 .comment       0x00000043       0x44 ./Core/Src/stm32h7xx_it.o
 .comment       0x00000043       0x44 ./Core/Src/system_stm32h7xx.o
 .comment       0x00000043       0x44 ./Drivers/STM32H7xx_HAL_Driver/Src/stm32h7xx_hal.o
 .comment       0x00000043       0x44 ./Drivers/STM32H7xx_HAL_Driver/Src/stm32h7xx_hal_cortex.o
 .comment       0x00000043       0x44 ./Drivers/STM32H7xx_HAL_Driver/Src/stm32h7xx_hal_gpio.o
 .comment       0x00000043       0x44 ./Drivers/STM32H7xx_HAL_Driver/Src/stm32h7xx_hal_pcd.o
 .comment       0x00000043       0x44 ./Drivers/STM32H7xx_HAL_Driver/Src/stm32h7xx_hal_pcd_ex.o
 .comment       0x00000043       0x44 ./Drivers/STM32H7xx_HAL_Driver/Src/stm32h7xx_hal_pwr_ex.o
 .comment       0x00000043       0x44 ./Drivers/STM32H7xx_HAL_Driver/Src/stm32h7xx_hal_rcc.o
 .comment       0x00000043       0x44 ./Drivers/STM32H7xx_HAL_Driver/Src/stm32h7xx_hal_rcc_ex.o
 .comment       0x00000043       0x44 ./Drivers/STM32H7xx_HAL_Driver/Src/stm32h7xx_hal_spi.o
 .comment       0x00000043       0x44 ./Drivers/STM32H7xx_HAL_Driver/Src/stm32h7xx_ll_usb.o
 .comment       0x00000043       0x44 ./Middlewares/ST/STM32_USB_Device_Library/Class/CDC/Src/usbd_cdc.o
 .comment       0x00000043       0x44 ./Middlewares/ST/STM32_USB_Device_Library/Core/Src/usbd_core.o
 .comment       0x00000043       0x44 ./Middlewares/ST/STM32_USB_Device_Library/Core/Src/usbd_ctlreq.o
 .comment       0x00000043       0x44 ./Middlewares/ST/STM32_USB_Device_Library/Core/Src/usbd_ioreq.o
 .comment       0x00000043       0x44 ./USB_DEVICE/App/usb_device.o
 .comment       0x00000043       0x44 ./USB_DEVICE/App/usbd_cdc_if.o
 .comment       0x00000043       0x44 ./USB_DEVICE/App/usbd_desc.o
 .comment       0x00000043       0x44 ./USB_DEVICE/Target/usbd_conf.o

.debug_frame    0x00000000     0x4374
 .debug_frame   0x00000000       0xa0 ./Core/Src/functions.o
 .debug_frame   0x000000a0       0xd0 ./Core/Src/main.o
 .debug_frame   0x00000170       0x84 ./Core/Src/stm32h7xx_hal_msp.o
 .debug_frame   0x000001f4      0x120 ./Core/Src/stm32h7xx_it.o
 .debug_frame   0x00000314       0x78 ./Core/Src/system_stm32h7xx.o
 .debug_frame   0x0000038c      0x760 ./Drivers/STM32H7xx_HAL_Driver/Src/stm32h7xx_hal.o
 .debug_frame   0x00000aec      0x508 ./Drivers/STM32H7xx_HAL_Driver/Src/stm32h7xx_hal_cortex.o
 .debug_frame   0x00000ff4      0x14c ./Drivers/STM32H7xx_HAL_Driver/Src/stm32h7xx_hal_gpio.o
 .debug_frame   0x00001140      0x590 ./Drivers/STM32H7xx_HAL_Driver/Src/stm32h7xx_hal_pcd.o
 .debug_frame   0x000016d0      0x174 ./Drivers/STM32H7xx_HAL_Driver/Src/stm32h7xx_hal_pcd_ex.o
 .debug_frame   0x00001844      0x540 ./Drivers/STM32H7xx_HAL_Driver/Src/stm32h7xx_hal_pwr_ex.o
 .debug_frame   0x00001d84      0x1fc ./Drivers/STM32H7xx_HAL_Driver/Src/stm32h7xx_hal_rcc.o
 .debug_frame   0x00001f80      0x414 ./Drivers/STM32H7xx_HAL_Driver/Src/stm32h7xx_hal_rcc_ex.o
 .debug_frame   0x00002394      0x7a8 ./Drivers/STM32H7xx_HAL_Driver/Src/stm32h7xx_hal_spi.o
 .debug_frame   0x00002b3c      0x7c0 ./Drivers/STM32H7xx_HAL_Driver/Src/stm32h7xx_ll_usb.o
 .debug_frame   0x000032fc      0x23c ./Middlewares/ST/STM32_USB_Device_Library/Class/CDC/Src/usbd_cdc.o
 .debug_frame   0x00003538      0x390 ./Middlewares/ST/STM32_USB_Device_Library/Core/Src/usbd_core.o
 .debug_frame   0x000038c8      0x23c ./Middlewares/ST/STM32_USB_Device_Library/Core/Src/usbd_ctlreq.o
 .debug_frame   0x00003b04      0x10c ./Middlewares/ST/STM32_USB_Device_Library/Core/Src/usbd_ioreq.o
 .debug_frame   0x00003c10       0x2c ./USB_DEVICE/App/usb_device.o
 .debug_frame   0x00003c3c       0xe4 ./USB_DEVICE/App/usbd_cdc_if.o
 .debug_frame   0x00003d20      0x188 ./USB_DEVICE/App/usbd_desc.o
 .debug_frame   0x00003ea8      0x480 ./USB_DEVICE/Target/usbd_conf.o
 .debug_frame   0x00004328       0x20 /Applications/STM32CubeIDE.app/Contents/Eclipse/plugins/com.st.stm32cube.ide.mcu.externaltools.gnu-tools-for-stm32.13.3.rel1.macos64_1.0.0.202411102158/tools/bin/../lib/gcc/arm-none-eabi/13.3.1/../../../../arm-none-eabi/lib/thumb/v7e-m+dp/hard/libc_nano.a(libc_a-memset.o)
 .debug_frame   0x00004348       0x2c /Applications/STM32CubeIDE.app/Contents/Eclipse/plugins/com.st.stm32cube.ide.mcu.externaltools.gnu-tools-for-stm32.13.3.rel1.macos64_1.0.0.202411102158/tools/bin/../lib/gcc/arm-none-eabi/13.3.1/../../../../arm-none-eabi/lib/thumb/v7e-m+dp/hard/libc_nano.a(libc_a-init.o)

.debug_line_str
                0x00000000       0x5b
 .debug_line_str
                0x00000000       0x5b ./Core/Startup/startup_stm32h723zgtx.o
